<html>
<body>
<pre>
<h1>µVision Build Log</h1>
<h2>Tool Versions:</h2>
IDE-Version: ¦ÌVision V5.39.0.0
Copyright (C) 2023 ARM Ltd and ARM Germany GmbH. All rights reserved.
License Information: g cs, usst, LIC=FYKYW-Q6MT8-JJ86S-LMHRK-7IGF0-9E5NA
 
Tool Versions:
Toolchain:       MDK-ARM Plus  Version: 5.39.0.0
Toolchain Path:  C:\Keil_v5_mdk\ARM\ARMCC\Bin
C Compiler:      Armcc.exe V5.06 update 7 (build 960)
Assembler:       Armasm.exe V5.06 update 7 (build 960)
Linker/Locator:  ArmLink.exe V5.06 update 7 (build 960)
Library Manager: ArmAr.exe V5.06 update 7 (build 960)
Hex Converter:   FromElf.exe V5.06 update 7 (build 960)
CPU DLL:         SARMCM3.DLL V5.39.0.0
Dialog DLL:      DARMSTM.DLL V1.69.1.0
Target DLL:      CMSIS_AGDI.dll V1.33.16.0
Dialog DLL:      TARMSTM.DLL  V1.67.1.0
 
<h2>Project:</h2>
D:\ME\STM32\4STM32ADC_HomeWork\USER\EXTI.uvprojx
Project File Date:  05/31/2024

<h2>Output:</h2>
*** Using Compiler 'V5.06 update 7 (build 960)', folder: 'C:\Keil_v5_mdk\ARM\ARMCC\Bin'
Rebuild target 'Target 1'
compiling main.c...
..\HARDWARE\ADC.h(6): warning:  #1295-D: Deprecated declaration ADC_Config - give arg types
  void ADC_Config();
..\HARDWARE\GPIO.h(6): warning:  #1295-D: Deprecated declaration GPIO_Config - give arg types
  void GPIO_Config();
..\HARDWARE\GPIO.h(8): warning:  #1-D: last line of file ends without a newline
  #endif
main.c: 3 warnings, 0 errors
compiling stm32f10x_gpio.c...
assembling startup_stm32f10x_hd.s...
compiling system_stm32f10x.c...
compiling core_cm3.c...
compiling usart.c...
compiling stm32f10x_rcc.c...
compiling misc.c...
compiling stm32f10x_usart.c...
compiling delay.c...
compiling ADC.c...
..\HARDWARE\ADC.h(6): warning:  #1295-D: Deprecated declaration ADC_Config - give arg types
  void ADC_Config();
..\HARDWARE\ADC.c: 1 warning, 0 errors
compiling GPIO.c...
..\HARDWARE\GPIO.h(6): warning:  #1295-D: Deprecated declaration GPIO_Config - give arg types
  void GPIO_Config();
..\HARDWARE\GPIO.h(8): warning:  #1-D: last line of file ends without a newline
  #endif
..\HARDWARE\GPIO.c(12): warning:  #1-D: last line of file ends without a newline
  }
..\HARDWARE\GPIO.c: 3 warnings, 0 errors
compiling stm32f10x_it.c...
compiling exti.c...
compiling stm32f10x_exti.c...
compiling sys.c...
compiling stm32f10x_adc.c...
linking...
Program Size: Code=9740 RO-data=512 RW-data=52 ZI-data=1836  
FromELF: creating hex file...
"..\OBJ\EXTI.axf" - 0 Error(s), 7 Warning(s).

<h2>Software Packages used:</h2>

Package Vendor: Keil
                http://www.keil.com/pack/Keil.STM32F1xx_DFP.1.0.5.pack
                Keil::STM32F1xx_DFP@1.0.5
                STMicroelectronics STM32F1 Series Device Support, Drivers and Examples

<h2>Collection of Component include folders:</h2>
  C:/Users/Admin/AppData/Local/Arm/Packs/Keil/STM32F1xx_DFP/1.0.5/Device/Include

<h2>Collection of Component Files used:</h2>
Build Time Elapsed:  00:00:01
</pre>
</body>
</html>
