<html>
<body>
<pre>
<h1>µVision Build Log</h1>
<h2>Tool Versions:</h2>
IDE-Version: ¦ÌVision V5.39.0.0
Copyright (C) 2023 ARM Ltd and ARM Germany GmbH. All rights reserved.
License Information: g cs, usst, LIC=FYKYW-Q6MT8-JJ86S-LMHRK-7IGF0-9E5NA
 
Tool Versions:
Toolchain:       MDK-ARM Plus  Version: 5.39.0.0
Toolchain Path:  C:\Keil_v5_mdk\ARM\ARMCC\Bin
C Compiler:      Armcc.exe V5.06 update 7 (build 960)
Assembler:       Armasm.exe V5.06 update 7 (build 960)
Linker/Locator:  ArmLink.exe V5.06 update 7 (build 960)
Library Manager: ArmAr.exe V5.06 update 7 (build 960)
Hex Converter:   FromElf.exe V5.06 update 7 (build 960)
CPU DLL:         SARMCM3.DLL V5.39.0.0
Dialog DLL:      DCM.DLL V1.17.5.0
Target DLL:      CMSIS_AGDI.dll V1.33.16.0
Dialog DLL:      TCM.DLL V1.56.4.0
 
<h2>Project:</h2>
D:\ME\STM32\OpenDEV\H7KEYLED\Projects\MDK-ARM\atk_h743.uvprojx
Project File Date:  08/09/2024

<h2>Output:</h2>
*** Using Compiler 'V5.06 update 7 (build 960)', folder: 'C:\Keil_v5_mdk\ARM\ARMCC\Bin'
Build target 'ATIM'
linking...
Program Size: Code=6482 RO-data=714 RW-data=28 ZI-data=2564  
FromELF: creating hex file...
"..\..\Output\atk_h743.axf" - 0 Error(s), 0 Warning(s).

<h2>Software Packages used:</h2>

Package Vendor: Keil
                https://www.keil.com/pack/Keil.STM32H7xx_DFP.3.1.1.pack
                Keil::STM32H7xx_DFP@3.1.1
                STMicroelectronics STM32H7 Series Device Support and Examples

<h2>Collection of Component include folders:</h2>
  C:/Users/Admin/AppData/Local/Arm/Packs/Keil/STM32H7xx_DFP/3.1.1/Drivers/CMSIS/Device/ST/STM32H7xx/Include

<h2>Collection of Component Files used:</h2>
Build Time Elapsed:  00:00:01
</pre>
</body>
</html>
