<html>
<body>
<pre>
<h1>µVision Build Log</h1>
<h2>Tool Versions:</h2>
IDE-Version: ¦ÌVision V5.39.0.0
Copyright (C) 2023 ARM Ltd and ARM Germany GmbH. All rights reserved.
License Information: g cs, usst, LIC=FYKYW-Q6MT8-JJ86S-LMHRK-7IGF0-9E5NA
 
Tool Versions:
Toolchain:       MDK-ARM Plus  Version: 5.39.0.0
Toolchain Path:  C:\Keil_v5_mdk\ARM\ARMCC\Bin
C Compiler:      Armcc.exe V5.06 update 7 (build 960)
Assembler:       Armasm.exe V5.06 update 7 (build 960)
Linker/Locator:  ArmLink.exe V5.06 update 7 (build 960)
Library Manager: ArmAr.exe V5.06 update 7 (build 960)
Hex Converter:   FromElf.exe V5.06 update 7 (build 960)
CPU DLL:         SARMCM3.DLL V5.39.0.0
Dialog DLL:      DCM.DLL V1.17.5.0
Target DLL:      CMSIS_AGDI.dll V1.33.16.0
Dialog DLL:      TCM.DLL V1.56.4.0
 
<h2>Project:</h2>
D:\ME\STM32\6UCOS2KEYIntTim\USER\UCOSII-1.uvprojx
Project File Date:  06/01/2024

<h2>Output:</h2>
*** Using Compiler 'V5.06 update 7 (build 960)', folder: 'C:\Keil_v5_mdk\ARM\ARMCC\Bin'
Rebuild target 'Target 1'
compiling core_cm3.c...
assembling startup_stm32f10x_hd.s...
compiling stm32f10x_it.c...
compiling main.c...
compiling key.c...
compiling sys.c...
compiling led.c...
compiling delay.c...
compiling adc.c...
compiling exti.c...
compiling system_stm32f10x.c...
compiling stm32f10x_gpio.c...
compiling timer.c...
compiling usart.c...
compiling stm32f10x_rcc.c...
compiling stm32f10x_usart.c...
compiling misc.c...
compiling stm32f10x_exti.c...
compiling stm32f10x_adc.c...
compiling lcd.c...
compiling stm32f10x_tim.c...
compiling os_core.c...
assembling os_cpu_a.asm...
compiling os_flag.c...
compiling os_mem.c...
compiling os_mbox.c...
compiling os_mutex.c...
compiling os_q.c...
compiling os_sem.c...
compiling os_task.c...
compiling os_cpu_c.c...
compiling os_tmr.c...
compiling os_time.c...
linking...
Program Size: Code=44522 RO-data=6714 RW-data=136 ZI-data=6584  
FromELF: creating hex file...
"..\OBJ\UCOSII-1.axf" - 0 Error(s), 0 Warning(s).

<h2>Software Packages used:</h2>

Package Vendor: Keil
                http://www.keil.com/pack/Keil.STM32F1xx_DFP.1.0.5.pack
                Keil::STM32F1xx_DFP@1.0.5
                STMicroelectronics STM32F1 Series Device Support, Drivers and Examples

<h2>Collection of Component include folders:</h2>
  C:/Users/Admin/AppData/Local/Arm/Packs/Keil/STM32F1xx_DFP/1.0.5/Device/Include

<h2>Collection of Component Files used:</h2>
Build Time Elapsed:  00:00:02
</pre>
</body>
</html>
