<html>
<body>
<pre>
<h1>µVision Build Log</h1>
<h2>Tool Versions:</h2>
IDE-Version: ¦ÌVision V5.39.0.0
Copyright (C) 2023 ARM Ltd and ARM Germany GmbH. All rights reserved.
License Information: g cs, usst, LIC=----
 
Tool Versions:
Toolchain:       MDK-Lite  Version: 5.39.0.0
Toolchain Path:  C:\Keil_v5_mdk\ARM\ARMCC\Bin
C Compiler:      Armcc.exe V5.06 update 7 (build 960)
Assembler:       Armasm.exe V5.06 update 7 (build 960)
Linker/Locator:  ArmLink.exe V5.06 update 7 (build 960)
Library Manager: ArmAr.exe V5.06 update 7 (build 960)
Hex Converter:   FromElf.exe V5.06 update 7 (build 960)
CPU DLL:         SARMCM3.DLL V5.39.0.0
Dialog DLL:      DCM.DLL V1.17.5.0
Target DLL:      CMSIS_AGDI.dll V1.33.16.0
Dialog DLL:      TCM.DLL V1.56.4.0
 
<h2>Project:</h2>
D:\ME\STM32\ATOM_TIM\HHHHH.uvprojx
Project File Date:  02/04/2024

<h2>Output:</h2>
*** Using Compiler 'V5.06 update 7 (build 960)', folder: 'C:\Keil_v5_mdk\ARM\ARMCC\Bin'
Rebuild target 'Target 1'
compiling stm32f10x_dac.c...
compiling stm32f10x_adc.c...
compiling stm32f10x_cec.c...
compiling stm32f10x_dbgmcu.c...
compiling stm32f10x_crc.c...
compiling stm32f10x_fsmc.c...
compiling misc.c...
compiling stm32f10x_iwdg.c...
compiling stm32f10x_exti.c...
compiling stm32f10x_dma.c...
compiling stm32f10x_bkp.c...
compiling stm32f10x_i2c.c...
compiling stm32f10x_flash.c...
compiling stm32f10x_gpio.c...
compiling stm32f10x_can.c...
compiling stm32f10x_pwr.c...
compiling stm32f10x_rcc.c...
assembling startup_stm32f10x_md.s...
compiling stm32f10x_rtc.c...
compiling stm32f10x_sdio.c...
compiling core_cm3.c...
compiling stm32f10x_spi.c...
compiling stm32f10x_wwdg.c...
compiling stm32f10x_usart.c...
compiling stm32f10x_tim.c...
compiling system_stm32f10x.c...
compiling main.c...
main.c(8): warning:  #223-D: function "LED_init" declared implicitly
  	LED_init();
main.c(13): warning:  #223-D: function "LED_on" declared implicitly
  		LED_on();
main.c(15): warning:  #223-D: function "LED_off" declared implicitly
  		LED_off();
main.c(18): warning:  #1-D: last line of file ends without a newline
  }
main.c: 4 warnings, 0 errors
compiling stm32f10x_it.c...
compiling OLED.c...
Hardware\OLED.c(180): warning:  #2532-D: support for trigraphs is disabled
    * @brief  OLED????(???,??)
Hardware\OLED.c: 1 warning, 0 errors
compiling mpu6050.c...
compiling mpuiic.c...
compiling LED.c...
Hardware\LED.h(5): warning:  #1295-D: Deprecated declaration LED_init - give arg types
  void LED_init();
Hardware\LED.h(6): warning:  #1295-D: Deprecated declaration LED_on - give arg types
  void LED_on();
Hardware\LED.h(7): warning:  #1295-D: Deprecated declaration LED_off - give arg types
  void LED_off();
Hardware\LED.c(20): warning:  #1-D: last line of file ends without a newline
  }
Hardware\LED.c: 4 warnings, 0 errors
compiling delay.c...
compiling usart.c...
System\usart\usart.c(48): warning:  #260-D: explicit type is missing ("int" assumed)
  _sys_exit(int x) 
System\usart\usart.c: 1 warning, 0 errors
compiling inv_mpu_dmp_motion_driver.c...
Hardware\eMPL\inv_mpu_dmp_motion_driver.c(43): warning:  #47-D: incompatible redefinition of macro "delay_ms"  (declared at line 5 of ".\System\delay\delay.h")
  #define delay_ms    delay_ms
Hardware\eMPL\inv_mpu_dmp_motion_driver.c: 1 warning, 0 errors
compiling inv_mpu.c...
compiling sys.c...
linking...
Program Size: Code=1268 RO-data=268 RW-data=8 ZI-data=2064  
FromELF: creating hex file...
".\Objects\HHHHH.axf" - 0 Error(s), 11 Warning(s).

<h2>Software Packages used:</h2>

Package Vendor: Keil
                http://www.keil.com/pack/Keil.STM32F1xx_DFP.1.0.5.pack
                Keil::STM32F1xx_DFP@1.0.5
                STMicroelectronics STM32F1 Series Device Support, Drivers and Examples

<h2>Collection of Component include folders:</h2>
  C:/Users/Admin/AppData/Local/Arm/Packs/Keil/STM32F1xx_DFP/1.0.5/Device/Include

<h2>Collection of Component Files used:</h2>
Build Time Elapsed:  00:00:02
</pre>
</body>
</html>
