<html>
<body>
<pre>
<h1>µVision Build Log</h1>
<h2>Tool Versions:</h2>
IDE-Version: ¦ÌVision V5.28.0.0
Copyright (C) 2019 ARM Ltd and ARM Germany GmbH. All rights reserved.
License Information: XX XX, XX, LIC=----
 
Tool Versions:
Toolchain:       MDK-Lite  Version: 5.28.0.0
Toolchain Path:  C:\Keil_v5_mndk\ARM\ARMCC\Bin
C Compiler:      Armcc.exe V5.06 update 6 (build 750)
Assembler:       Armasm.exe V5.06 update 6 (build 750)
Linker/Locator:  ArmLink.exe V5.06 update 6 (build 750)
Library Manager: ArmAr.exe V5.06 update 6 (build 750)
Hex Converter:   FromElf.exe V5.06 update 6 (build 750)
CPU DLL:         SARMCM3.DLL V5.28.0.0
Dialog DLL:      DCM.DLL V1.17.3.0
Target DLL:      CMSIS_AGDI.dll V1.31.18.0
Dialog DLL:      TCM.DLL V1.36.2.0
 
<h2>Project:</h2>
D:\ME\STM32\PWM\HHHHH.uvprojx
Project File Date:  10/04/2023

<h2>Output:</h2>
*** Using Compiler 'V5.06 update 6 (build 750)', folder: 'C:\Keil_v5_mndk\ARM\ARMCC\Bin'
Rebuild target 'Target 1'
compiling stm32f10x_adc.c...
compiling misc.c...
compiling stm32f10x_bkp.c...
compiling stm32f10x_crc.c...
compiling stm32f10x_can.c...
compiling stm32f10x_cec.c...
compiling stm32f10x_gpio.c...
compiling stm32f10x_exti.c...
compiling stm32f10x_dbgmcu.c...
compiling stm32f10x_i2c.c...
compiling stm32f10x_iwdg.c...
compiling stm32f10x_dac.c...
compiling stm32f10x_dma.c...
compiling stm32f10x_fsmc.c...
compiling stm32f10x_flash.c...
compiling stm32f10x_pwr.c...
compiling stm32f10x_rcc.c...
compiling stm32f10x_rtc.c...
compiling stm32f10x_sdio.c...
compiling stm32f10x_spi.c...
assembling startup_stm32f10x_md.s...
compiling stm32f10x_usart.c...
compiling stm32f10x_tim.c...
compiling core_cm3.c...
compiling stm32f10x_wwdg.c...
compiling stm32f10x_it.c...
compiling main.c...
ServoDriver.h(9): warning:  #1-D: last line of file ends without a newline
  #endif
Key.h(3): warning:  #1295-D: Deprecated declaration Key_Init - give arg types
  void Key_Init();
Key.h(4): warning:  #1295-D: Deprecated declaration EXTI15_10_IRQHandler - give arg types
  void EXTI15_10_IRQHandler();
Key.h(5): warning:  #1295-D: Deprecated declaration getFlag - give arg types
  uint16_t getFlag();
Key.h(6): warning:  #1-D: last line of file ends without a newline
  #endif
main.c(14): warning:  #111-D: statement is unreachable
  	return 0;
main.c: 6 warnings, 0 errors
compiling system_stm32f10x.c...
compiling Delay.c...
compiling ServoDriver.c...
ServoDriver.c(47): warning:  #1-D: last line of file ends without a newline
  }
ServoDriver.c: 1 warning, 0 errors
compiling Key.c...
Key.c(40): warning:  #1-D: last line of file ends without a newline
  }
Key.c: 1 warning, 0 errors
linking...
Program Size: Code=3524 RO-data=268 RW-data=4 ZI-data=1636  
FromELF: creating hex file...
".\Objects\HHHHH.axf" - 0 Error(s), 8 Warning(s).

<h2>Software Packages used:</h2>

Package Vendor: Keil
                http://www.keil.com/pack/Keil.STM32F1xx_DFP.1.0.5.pack
                Keil.STM32F1xx_DFP.1.0.5
                STMicroelectronics STM32F1 Series Device Support, Drivers and Examples

<h2>Collection of Component include folders:</h2>
  .\RTE\_Target_1
  C:\Users\Admin\AppData\Local\Arm\Packs\Keil\STM32F1xx_DFP\1.0.5\Device\Include

<h2>Collection of Component Files used:</h2>
Build Time Elapsed:  00:00:02
</pre>
</body>
</html>
