Component: ARM Compiler 5.06 update 7 (build 960) Tool: armlink [4d3601]

==============================================================================

Section Cross References

    stm32f10x_adc.o(i.ADC_DeInit) refers to stm32f10x_rcc.o(i.RCC_APB2PeriphResetCmd) for RCC_APB2PeriphResetCmd
    stm32f10x_bkp.o(i.BKP_DeInit) refers to stm32f10x_rcc.o(i.RCC_BackupResetCmd) for RCC_BackupResetCmd
    stm32f10x_can.o(i.CAN_DeInit) refers to stm32f10x_rcc.o(i.RCC_APB1PeriphResetCmd) for RCC_APB1PeriphResetCmd
    stm32f10x_can.o(i.CAN_GetITStatus) refers to stm32f10x_can.o(i.CheckITStatus) for CheckITStatus
    stm32f10x_cec.o(i.CEC_DeInit) refers to stm32f10x_rcc.o(i.RCC_APB1PeriphResetCmd) for RCC_APB1PeriphResetCmd
    stm32f10x_dac.o(i.DAC_DeInit) refers to stm32f10x_rcc.o(i.RCC_APB1PeriphResetCmd) for RCC_APB1PeriphResetCmd
    stm32f10x_flash.o(i.FLASH_EnableWriteProtection) refers to stm32f10x_flash.o(i.FLASH_WaitForLastOperation) for FLASH_WaitForLastOperation
    stm32f10x_flash.o(i.FLASH_EraseAllBank1Pages) refers to stm32f10x_flash.o(i.FLASH_WaitForLastBank1Operation) for FLASH_WaitForLastBank1Operation
    stm32f10x_flash.o(i.FLASH_EraseAllPages) refers to stm32f10x_flash.o(i.FLASH_WaitForLastOperation) for FLASH_WaitForLastOperation
    stm32f10x_flash.o(i.FLASH_EraseOptionBytes) refers to stm32f10x_flash.o(i.FLASH_GetReadOutProtectionStatus) for FLASH_GetReadOutProtectionStatus
    stm32f10x_flash.o(i.FLASH_EraseOptionBytes) refers to stm32f10x_flash.o(i.FLASH_WaitForLastOperation) for FLASH_WaitForLastOperation
    stm32f10x_flash.o(i.FLASH_ErasePage) refers to stm32f10x_flash.o(i.FLASH_WaitForLastOperation) for FLASH_WaitForLastOperation
    stm32f10x_flash.o(i.FLASH_ProgramHalfWord) refers to stm32f10x_flash.o(i.FLASH_WaitForLastOperation) for FLASH_WaitForLastOperation
    stm32f10x_flash.o(i.FLASH_ProgramOptionByteData) refers to stm32f10x_flash.o(i.FLASH_WaitForLastOperation) for FLASH_WaitForLastOperation
    stm32f10x_flash.o(i.FLASH_ProgramWord) refers to stm32f10x_flash.o(i.FLASH_WaitForLastOperation) for FLASH_WaitForLastOperation
    stm32f10x_flash.o(i.FLASH_ReadOutProtection) refers to stm32f10x_flash.o(i.FLASH_WaitForLastOperation) for FLASH_WaitForLastOperation
    stm32f10x_flash.o(i.FLASH_UserOptionByteConfig) refers to stm32f10x_flash.o(i.FLASH_WaitForLastOperation) for FLASH_WaitForLastOperation
    stm32f10x_flash.o(i.FLASH_WaitForLastBank1Operation) refers to stm32f10x_flash.o(i.FLASH_GetBank1Status) for FLASH_GetBank1Status
    stm32f10x_flash.o(i.FLASH_WaitForLastOperation) refers to stm32f10x_flash.o(i.FLASH_GetBank1Status) for FLASH_GetBank1Status
    stm32f10x_gpio.o(i.GPIO_AFIODeInit) refers to stm32f10x_rcc.o(i.RCC_APB2PeriphResetCmd) for RCC_APB2PeriphResetCmd
    stm32f10x_gpio.o(i.GPIO_DeInit) refers to stm32f10x_rcc.o(i.RCC_APB2PeriphResetCmd) for RCC_APB2PeriphResetCmd
    stm32f10x_i2c.o(i.I2C_DeInit) refers to stm32f10x_rcc.o(i.RCC_APB1PeriphResetCmd) for RCC_APB1PeriphResetCmd
    stm32f10x_i2c.o(i.I2C_Init) refers to stm32f10x_rcc.o(i.RCC_GetClocksFreq) for RCC_GetClocksFreq
    stm32f10x_pwr.o(i.PWR_DeInit) refers to stm32f10x_rcc.o(i.RCC_APB1PeriphResetCmd) for RCC_APB1PeriphResetCmd
    stm32f10x_rcc.o(i.RCC_GetClocksFreq) refers to stm32f10x_rcc.o(.data) for .data
    stm32f10x_rcc.o(i.RCC_WaitForHSEStartUp) refers to stm32f10x_rcc.o(i.RCC_GetFlagStatus) for RCC_GetFlagStatus
    stm32f10x_rtc.o(i.RTC_SetAlarm) refers to stm32f10x_rtc.o(i.RTC_EnterConfigMode) for RTC_EnterConfigMode
    stm32f10x_rtc.o(i.RTC_SetAlarm) refers to stm32f10x_rtc.o(i.RTC_ExitConfigMode) for RTC_ExitConfigMode
    stm32f10x_rtc.o(i.RTC_SetCounter) refers to stm32f10x_rtc.o(i.RTC_EnterConfigMode) for RTC_EnterConfigMode
    stm32f10x_rtc.o(i.RTC_SetCounter) refers to stm32f10x_rtc.o(i.RTC_ExitConfigMode) for RTC_ExitConfigMode
    stm32f10x_rtc.o(i.RTC_SetPrescaler) refers to stm32f10x_rtc.o(i.RTC_EnterConfigMode) for RTC_EnterConfigMode
    stm32f10x_rtc.o(i.RTC_SetPrescaler) refers to stm32f10x_rtc.o(i.RTC_ExitConfigMode) for RTC_ExitConfigMode
    stm32f10x_spi.o(i.I2S_Init) refers to stm32f10x_rcc.o(i.RCC_GetClocksFreq) for RCC_GetClocksFreq
    stm32f10x_spi.o(i.SPI_I2S_DeInit) refers to stm32f10x_rcc.o(i.RCC_APB2PeriphResetCmd) for RCC_APB2PeriphResetCmd
    stm32f10x_spi.o(i.SPI_I2S_DeInit) refers to stm32f10x_rcc.o(i.RCC_APB1PeriphResetCmd) for RCC_APB1PeriphResetCmd
    stm32f10x_tim.o(i.TIM_DeInit) refers to stm32f10x_rcc.o(i.RCC_APB2PeriphResetCmd) for RCC_APB2PeriphResetCmd
    stm32f10x_tim.o(i.TIM_DeInit) refers to stm32f10x_rcc.o(i.RCC_APB1PeriphResetCmd) for RCC_APB1PeriphResetCmd
    stm32f10x_tim.o(i.TIM_ETRClockMode1Config) refers to stm32f10x_tim.o(i.TIM_ETRConfig) for TIM_ETRConfig
    stm32f10x_tim.o(i.TIM_ETRClockMode2Config) refers to stm32f10x_tim.o(i.TIM_ETRConfig) for TIM_ETRConfig
    stm32f10x_tim.o(i.TIM_ICInit) refers to stm32f10x_tim.o(i.TI4_Config) for TI4_Config
[...]
    i.decode_gesture                         0x08002810   Section        0  inv_mpu_dmp_motion_driver.o(i.decode_gesture)
    decode_gesture                           0x08002811   Thumb Code    56  inv_mpu_dmp_motion_driver.o(i.decode_gesture)
    i.delay_init                             0x0800284c   Section        0  delay.o(i.delay_init)
    i.delay_ms                               0x08002888   Section        0  delay.o(i.delay_ms)
    i.delay_us                               0x080028bc   Section        0  delay.o(i.delay_us)
    i.dmp_enable_6x_lp_quat                  0x080028f0   Section        0  inv_mpu_dmp_motion_driver.o(i.dmp_enable_6x_lp_quat)
    i.dmp_enable_feature                     0x0800292c   Section        0  inv_mpu_dmp_motion_driver.o(i.dmp_enable_feature)
    i.dmp_enable_gyro_cal                    0x08002b18   Section        0  inv_mpu_dmp_motion_driver.o(i.dmp_enable_gyro_cal)
    i.dmp_enable_lp_quat                     0x08002b70   Section        0  inv_mpu_dmp_motion_driver.o(i.dmp_enable_lp_quat)
    i.dmp_load_motion_driver_firmware        0x08002bac   Section        0  inv_mpu_dmp_motion_driver.o(i.dmp_load_motion_driver_firmware)
    i.dmp_read_fifo                          0x08002bc0   Section        0  inv_mpu_dmp_motion_driver.o(i.dmp_read_fifo)
    i.dmp_set_accel_bias                     0x08002d44   Section        0  inv_mpu_dmp_motion_driver.o(i.dmp_set_accel_bias)
    i.dmp_set_fifo_rate                      0x08002e50   Section        0  inv_mpu_dmp_motion_driver.o(i.dmp_set_fifo_rate)
    i.dmp_set_gyro_bias                      0x08002ec0   Section        0  inv_mpu_dmp_motion_driver.o(i.dmp_set_gyro_bias)
    i.dmp_set_orientation                    0x08002fc8   Section        0  inv_mpu_dmp_motion_driver.o(i.dmp_set_orientation)
    i.dmp_set_shake_reject_thresh            0x080030e0   Section        0  inv_mpu_dmp_motion_driver.o(i.dmp_set_shake_reject_thresh)
    i.dmp_set_shake_reject_time              0x08003110   Section        0  inv_mpu_dmp_motion_driver.o(i.dmp_set_shake_reject_time)
    i.dmp_set_shake_reject_timeout           0x08003130   Section        0  inv_mpu_dmp_motion_driver.o(i.dmp_set_shake_reject_timeout)
    i.dmp_set_tap_axes                       0x08003150   Section        0  inv_mpu_dmp_motion_driver.o(i.dmp_set_tap_axes)
    i.dmp_set_tap_count                      0x08003188   Section        0  inv_mpu_dmp_motion_driver.o(i.dmp_set_tap_count)
    i.dmp_set_tap_thresh                     0x080031ac   Section        0  inv_mpu_dmp_motion_driver.o(i.dmp_set_tap_thresh)
    i.dmp_set_tap_time                       0x08003310   Section        0  inv_mpu_dmp_motion_driver.o(i.dmp_set_tap_time)
    i.dmp_set_tap_time_multi                 0x08003330   Section        0  inv_mpu_dmp_motion_driver.o(i.dmp_set_tap_time_multi)
    i.fputc                                  0x08003350   Section        0  usart.o(i.fputc)
    i.get_accel_prod_shift                   0x08003368   Section        0  inv_mpu.o(i.get_accel_prod_shift)
    get_accel_prod_shift                     0x08003369   Thumb Code   158  inv_mpu.o(i.get_accel_prod_shift)
    i.get_st_biases                          0x08003414   Section        0  inv_mpu.o(i.get_st_biases)
    get_st_biases                            0x08003415   Thumb Code   980  inv_mpu.o(i.get_st_biases)
    i.gyro_self_test                         0x080037ec   Section        0  inv_mpu.o(i.gyro_self_test)
    gyro_self_test                           0x080037ed   Thumb Code   200  inv_mpu.o(i.gyro_self_test)
    i.inv_orientation_matrix_to_scalar       0x080038c8   Section        0  inv_mpu.o(i.inv_orientation_matrix_to_scalar)
    i.inv_row_2_scale                        0x080038ec   Section        0  inv_mpu.o(i.inv_row_2_scale)
    i.main                                   0x08003934   Section        0  main.o(i.main)
    i.mget_ms                                0x080039f4   Section        0  inv_mpu.o(i.mget_ms)
    i.mpu_configure_fifo                     0x080039f8   Section        0  inv_mpu.o(i.mpu_configure_fifo)
    i.mpu_dmp_get_data                       0x08003a58   Section        0  inv_mpu.o(i.mpu_dmp_get_data)
    i.mpu_dmp_init                           0x08003bf4   Section        0  inv_mpu.o(i.mpu_dmp_init)
    i.mpu_get_accel_fsr                      0x08003c8c   Section        0  inv_mpu.o(i.mpu_get_accel_fsr)
    i.mpu_get_accel_sens                     0x08003cd0   Section        0  inv_mpu.o(i.mpu_get_accel_sens)
    i.mpu_get_fifo_config                    0x08003d1c   Section        0  inv_mpu.o(i.mpu_get_fifo_config)
    i.mpu_get_gyro_fsr                       0x08003d2c   Section        0  inv_mpu.o(i.mpu_get_gyro_fsr)
    i.mpu_get_gyro_sens                      0x08003d6c   Section        0  inv_mpu.o(i.mpu_get_gyro_sens)
    i.mpu_get_lpf                            0x08003db4   Section        0  inv_mpu.o(i.mpu_get_lpf)
    i.mpu_get_sample_rate                    0x08003df8   Section        0  inv_mpu.o(i.mpu_get_sample_rate)
    i.mpu_init                               0x08003e14   Section        0  inv_mpu.o(i.mpu_init)
    i.mpu_load_firmware                      0x08003fc0   Section        0  inv_mpu.o(i.mpu_load_firmware)
    i.mpu_lp_accel_mode                      0x08004074   Section        0  inv_mpu.o(i.mpu_lp_accel_mode)
    i.mpu_read_fifo_stream                   0x08004144   Section        0  inv_mpu.o(i.mpu_read_fifo_stream)
    i.mpu_read_mem                           0x080041f0   Section        0  inv_mpu.o(i.mpu_read_mem)
    i.mpu_reset_fifo                         0x08004260   Section        0  inv_mpu.o(i.mpu_reset_fifo)
    i.mpu_run_self_test                      0x080043cc   Section        0  inv_mpu.o(i.mpu_run_self_test)
    i.mpu_set_accel_fsr                      0x080044c4   Section        0  inv_mpu.o(i.mpu_set_accel_fsr)
    i.mpu_set_bypass                         0x08004538   Section        0  inv_mpu.o(i.mpu_set_bypass)
    i.mpu_set_dmp_state                      0x08004650   Section        0  inv_mpu.o(i.mpu_set_dmp_state)
    i.mpu_set_gyro_fsr                       0x080046cc   Section        0  inv_mpu.o(i.mpu_set_gyro_fsr)
    i.mpu_set_int_latched                    0x08004744   Section        0  inv_mpu.o(i.mpu_set_int_latched)
    i.mpu_set_lpf                            0x080047a4   Section        0  inv_mpu.o(i.mpu_set_lpf)
    i.mpu_set_sample_rate                    0x08004820   Section        0  inv_mpu.o(i.mpu_set_sample_rate)
    i.mpu_set_sensors                        0x080048a4   Section        0  inv_mpu.o(i.mpu_set_sensors)
    i.mpu_write_mem                          0x08004954   Section        0  inv_mpu.o(i.mpu_write_mem)
    i.run_self_test                          0x080049c4   Section        0  inv_mpu.o(i.run_self_test)
    i.set_int_enable                         0x08004a44   Section        0  inv_mpu.o(i.set_int_enable)
    set_int_enable                           0x08004a45   Thumb Code   112  inv_mpu.o(i.set_int_enable)
    i.sqrt                                   0x08004ab8   Section        0  sqrt.o(i.sqrt)
    locale$$code                             0x08004b04   Section       44  lc_numeric_c.o(locale$$code)
    x$fpl$d2f                                0x08004b30   Section       98  d2f.o(x$fpl$d2f)
    x$fpl$dadd                               0x08004b94   Section      336  daddsub_clz.o(x$fpl$dadd)
    _dadd1                                   0x08004ba5   Thumb Code     0  daddsub_clz.o(x$fpl$dadd)
    x$fpl$dcheck1                            0x08004ce4   Section       16  dcheck1.o(x$fpl$dcheck1)
    x$fpl$dcmpinf                            0x08004cf4   Section       24  dcmpi.o(x$fpl$dcmpinf)
    x$fpl$ddiv                               0x08004d0c   Section      688  ddiv.o(x$fpl$ddiv)
    ddiv_entry                               0x08004d13   Thumb Code     0  ddiv.o(x$fpl$ddiv)
    x$fpl$deqf                               0x08004fbc   Section      120  deqf.o(x$fpl$deqf)
    x$fpl$dmul                               0x08005034   Section      340  dmul.o(x$fpl$dmul)
    x$fpl$dnaninf                            0x08005188   Section      156  dnaninf.o(x$fpl$dnaninf)
    x$fpl$dretinf                            0x08005224   Section       12  dretinf.o(x$fpl$dretinf)
    x$fpl$drsb                               0x08005230   Section       22  daddsub_clz.o(x$fpl$drsb)
    x$fpl$dsqrt                              0x08005248   Section      460  dsqrt_noumaal.o(x$fpl$dsqrt)
    x$fpl$dsub                               0x08005414   Section      468  daddsub_clz.o(x$fpl$dsub)
    _dsub1                                   0x08005425   Thumb Code     0  daddsub_clz.o(x$fpl$dsub)
    x$fpl$f2d                                0x080055e8   Section       86  f2d.o(x$fpl$f2d)
    x$fpl$fadd                               0x08005640   Section      196  faddsub_clz.o(x$fpl$fadd)
    _fadd1                                   0x0800564f   Thumb Code     0  faddsub_clz.o(x$fpl$fadd)
    x$fpl$fcheck1                            0x08005704   Section       12  fcheck1.o(x$fpl$fcheck1)
    x$fpl$fdiv                               0x08005710   Section      388  fdiv.o(x$fpl$fdiv)
    _fdiv1                                   0x08005711   Thumb Code     0  fdiv.o(x$fpl$fdiv)
    x$fpl$ffix                               0x08005894   Section       54  ffix.o(x$fpl$ffix)
    x$fpl$ffixu                              0x080058cc   Section       62  ffixu.o(x$fpl$ffixu)
    x$fpl$fflt                               0x0800590c   Section       48  fflt_clz.o(x$fpl$fflt)
    x$fpl$ffltu                              0x0800593c   Section       38  fflt_clz.o(x$fpl$ffltu)
    x$fpl$fmul                               0x08005964   Section      258  fmul.o(x$fpl$fmul)
    x$fpl$fnaninf                            0x08005a66   Section      140  fnaninf.o(x$fpl$fnaninf)
    x$fpl$fretinf                            0x08005af2   Section       10  fretinf.o(x$fpl$fretinf)
    x$fpl$fsub                               0x08005afc   Section      234  faddsub_clz.o(x$fpl$fsub)
    _fsub1                                   0x08005b0b   Thumb Code     0  faddsub_clz.o(x$fpl$fsub)
    x$fpl$printf1                            0x08005be6   Section        4  printf1.o(x$fpl$printf1)
    x$fpl$retnan                             0x08005bea   Section      100  retnan.o(x$fpl$retnan)
    x$fpl$scalbn                             0x08005c4e   Section       92  scalbn.o(x$fpl$scalbn)
    x$fpl$scalbnf                            0x08005caa   Section       76  scalbnf.o(x$fpl$scalbnf)
    x$fpl$trapveneer                         0x08005cf6   Section       48  trapv.o(x$fpl$trapveneer)
    .constdata                               0x08005d26   Section     1520  oled.o(.constdata)
    x$fpl$usenofp                            0x08005d26   Section        0  usenofp.o(x$fpl$usenofp)
    .constdata                               0x08006316   Section       27  inv_mpu.o(.constdata)
    .constdata                               0x08006332   Section       12  inv_mpu.o(.constdata)
    .constdata                               0x08006340   Section       40  inv_mpu.o(.constdata)
    .constdata                               0x08006368   Section     3062  inv_mpu_dmp_motion_driver.o(.constdata)
    dmp_memory                               0x08006368   Data        3062  inv_mpu_dmp_motion_driver.o(.constdata)
    .constdata                               0x08006f5e   Section       17  __printf_flags_wp.o(.constdata)
    maptable                                 0x08006f5e   Data          17  __printf_flags_wp.o(.constdata)
    .constdata                               0x08006f70   Section       80  asin.o(.constdata)
    pS                                       0x08006f70   Data          48  asin.o(.constdata)
    qS                                       0x08006fa0   Data          32  asin.o(.constdata)
    .constdata                               0x08006fc0   Section      152  atan.o(.constdata)
    atanhi                                   0x08006fc0   Data          32  atan.o(.constdata)
    atanlo                                   0x08006fe0   Data          32  atan.o(.constdata)
    aTodd                                    0x08007000   Data          40  atan.o(.constdata)
    aTeven                                   0x08007028   Data          48  atan.o(.constdata)
    .constdata                               0x08007058   Section        8  qnan.o(.constdata)
    .constdata                               0x08007060   Section      148  bigflt0.o(.constdata)
    tenpwrs_x                                0x08007060   Data          60  bigflt0.o(.constdata)
    tenpwrs_i                                0x0800709c   Data          64  bigflt0.o(.constdata)
    .conststring                             0x080070f4   Section       77  inv_mpu.o(.conststring)
    locale$$data                             0x08007164   Section       28  lc_numeric_c.o(locale$$data)
    __lcnum_c_name                           0x08007168   Data           2  lc_numeric_c.o(locale$$data)
    __lcnum_c_start                          0x08007170   Data           0  lc_numeric_c.o(locale$$data)
    __lcnum_c_point                          0x0800717c   Data           0  lc_numeric_c.o(locale$$data)
    __lcnum_c_thousands                      0x0800717e   Data           0  lc_numeric_c.o(locale$$data)
    __lcnum_c_grouping                       0x0800717f   Data           0  lc_numeric_c.o(locale$$data)
    __lcnum_c_end                            0x08007180   Data           0  lc_numeric_c.o(locale$$data)
    .data                                    0x20000000   Section       20  system_stm32f10x.o(.data)
    .data                                    0x20000014   Section       53  inv_mpu.o(.data)
    st                                       0x20000014   Data          44  inv_mpu.o(.data)
    gyro_orientation                         0x20000040   Data           9  inv_mpu.o(.data)
    .data                                    0x2000004a   Section        4  delay.o(.data)
    fac_us                                   0x2000004a   Data           1  delay.o(.data)
    fac_ms                                   0x2000004c   Data           2  delay.o(.data)
    .data                                    0x2000004e   Section        2  usart.o(.data)
    .data                                    0x20000050   Section        4  usart.o(.data)
    .bss                                     0x20000054   Section       16  inv_mpu_dmp_motion_driver.o(.bss)
    dmp                                      0x20000054   Data          16  inv_mpu_dmp_motion_driver.o(.bss)
    .bss                                     0x20000064   Section      200  usart.o(.bss)
    .bss                                     0x2000012c   Section       96  libspace.o(.bss)
    HEAP                                     0x20000190   Section      512  startup_stm32f10x_md.o(HEAP)
    Heap_Mem                                 0x20000190   Data         512  startup_stm32f10x_md.o(HEAP)
    STACK                                    0x20000390   Section     1024  startup_stm32f10x_md.o(STACK)
    Stack_Mem                                0x20000390   Data        1024  startup_stm32f10x_md.o(STACK)
    __initial_sp                             0x20000790   Data           0  startup_stm32f10x_md.o(STACK)

    Global Symbols

    Symbol Name                              Value     Ov Type        Size  Object(Section)

    BuildAttributes$$THM_ISAv4$P$D$K$B$S$PE$A:L22UL41UL21$X:L11$S22US41US21$IEEE1$IW$USESV6$~STKCKD$USESV7$~SHL$OTIME$ROPI$IEEEX$EBA8$UX$STANDARDLIB$REQ8$PRES8$EABIv2 0x00000000   Number         0  anon$$obj.o ABSOLUTE
    __ARM_use_no_argv                        0x00000000   Number         0  main.o ABSOLUTE
    _printf_flags                            0x00000000   Number         0  printf_stubs.o ABSOLUTE
    _printf_return_value                     0x00000000   Number         0  printf_stubs.o ABSOLUTE
    _printf_sizespec                         0x00000000   Number         0  printf_stubs.o ABSOLUTE
    _printf_widthprec                        0x00000000   Number         0  printf_stubs.o ABSOLUTE
    __ARM_exceptions_init                     - Undefined Weak Reference
    __alloca_initialize                       - Undefined Weak Reference
    __arm_fini_                               - Undefined Weak Reference
    __arm_preinit_                            - Undefined Weak Reference
    __cpp_initialize__aeabi_                  - Undefined Weak Reference
    __cxa_finalize                            - Undefined Weak Reference
    __sigvec_lookup                           - Undefined Weak Reference
    _atexit_init                              - Undefined Weak Reference
    _call_atexit_fns                          - Undefined Weak Reference
    _clock_init                               - Undefined Weak Reference
    _fp_trap_init                             - Undefined Weak Reference
    _fp_trap_shutdown                         - Undefined Weak Reference
    _get_lc_collate                           - Undefined Weak Reference
    _get_lc_ctype                             - Undefined Weak Reference
    _get_lc_monetary                          - Undefined Weak Reference
    _get_lc_time                              - Undefined Weak Reference
    _getenv_init                              - Undefined Weak Reference
    _handle_redirection                       - Undefined Weak Reference
    _init_alloc                               - Undefined Weak Reference
    _init_user_alloc                          - Undefined Weak Reference
    _initio                                   - Undefined Weak Reference
    _mutex_acquire                            - Undefined Weak Reference
    _mutex_release                            - Undefined Weak Reference
    _printf_truncate_signed                   - Undefined Weak Reference
    _printf_truncate_unsigned                 - Undefined Weak Reference
    _rand_init                                - Undefined Weak Reference
    _signal_finish                            - Undefined Weak Reference
    _signal_init                              - Undefined Weak Reference
    _terminate_alloc                          - Undefined Weak Reference
    _terminate_user_alloc                     - Undefined Weak Reference
    _terminateio                              - Undefined Weak Reference
    __Vectors_Size                           0x000000ec   Number         0  startup_stm32f10x_md.o ABSOLUTE
    __Vectors                                0x08000000   Data           4  startup_stm32f10x_md.o(RESET)
    __Vectors_End                            0x080000ec   Data           0  startup_stm32f10x_md.o(RESET)
    __main                                   0x080000ed   Thumb Code     8  __main.o(!!!main)
    __scatterload                            0x080000f5   Thumb Code     0  __scatter.o(!!!scatter)
    __scatterload_rt2                        0x080000f5   Thumb Code    44  __scatter.o(!!!scatter)
    __scatterload_rt2_thumb_only             0x080000f5   Thumb Code     0  __scatter.o(!!!scatter)
    __scatterload_null                       0x08000103   Thumb Code     0  __scatter.o(!!!scatter)
    __scatterload_copy                       0x08000129   Thumb Code    26  __scatter_copy.o(!!handler_copy)
    __scatterload_zeroinit                   0x08000145   Thumb Code    28  __scatter_zi.o(!!handler_zi)
    _printf_f                                0x08000161   Thumb Code     0  _printf_f.o(.ARM.Collect$$_printf_percent$$00000003)
    _printf_percent                          0x08000161   Thumb Code     0  _printf_percent.o(.ARM.Collect$$_printf_percent$$00000000)
    _printf_d                                0x08000167   Thumb Code     0  _printf_d.o(.ARM.Collect$$_printf_percent$$00000009)
    _printf_percent_end                      0x0800016d   Thumb Code     0  _printf_percent_end.o(.ARM.Collect$$_printf_percent$$00000017)
    __rt_lib_init                            0x08000171   Thumb Code     0  libinit.o(.ARM.Collect$$libinit$$00000000)
    __rt_lib_init_fp_1                       0x08000173   Thumb Code     0  libinit2.o(.ARM.Collect$$libinit$$00000002)
    __rt_lib_init_heap_1                     0x08000173   Thumb Code     0  libinit2.o(.ARM.Collect$$libinit$$0000000A)
    __rt_lib_init_lc_common                  0x08000173   Thumb Code     0  libinit2.o(.ARM.Collect$$libinit$$0000000F)
    __rt_lib_init_preinit_1                  0x08000173   Thumb Code     0  libinit2.o(.ARM.Collect$$libinit$$00000004)
    __rt_lib_init_rand_1                     0x08000173   Thumb Code     0  libinit2.o(.ARM.Collect$$libinit$$0000000E)
    __rt_lib_init_user_alloc_1               0x08000173   Thumb Code     0  libinit2.o(.ARM.Collect$$libinit$$0000000C)
    __rt_lib_init_lc_collate_1               0x08000179   Thumb Code     0  libinit2.o(.ARM.Collect$$libinit$$00000011)
    __rt_lib_init_lc_ctype_1                 0x08000179   Thumb Code     0  libinit2.o(.ARM.Collect$$libinit$$00000013)
    __rt_lib_init_lc_monetary_1              0x08000179   Thumb Code     0  libinit2.o(.ARM.Collect$$libinit$$00000015)
    __rt_lib_init_lc_numeric_2               0x08000179   Thumb Code     0  libinit2.o(.ARM.Collect$$libinit$$00000016)
    __rt_lib_init_alloca_1                   0x08000183   Thumb Code     0  libinit2.o(.ARM.Collect$$libinit$$0000002E)
    __rt_lib_init_argv_1                     0x08000183   Thumb Code     0  libinit2.o(.ARM.Collect$$libinit$$0000002C)
    __rt_lib_init_atexit_1                   0x08000183   Thumb Code     0  libinit2.o(.ARM.Collect$$libinit$$0000001B)
    __rt_lib_init_clock_1                    0x08000183   Thumb Code     0  libinit2.o(.ARM.Collect$$libinit$$00000021)
    __rt_lib_init_cpp_1                      0x08000183   Thumb Code     0  libinit2.o(.ARM.Collect$$libinit$$00000032)
    __rt_lib_init_exceptions_1               0x08000183   Thumb Code     0  libinit2.o(.ARM.Collect$$libinit$$00000030)
    __rt_lib_init_fp_trap_1                  0x08000183   Thumb Code     0  libinit2.o(.ARM.Collect$$libinit$$0000001F)
    __rt_lib_init_getenv_1                   0x08000183   Thumb Code     0  libinit2.o(.ARM.Collect$$libinit$$00000023)
    __rt_lib_init_lc_numeric_1               0x08000183   Thumb Code     0  libinit2.o(.ARM.Collect$$libinit$$00000017)
    __rt_lib_init_lc_time_1                  0x08000183   Thumb Code     0  libinit2.o(.ARM.Collect$$libinit$$00000019)
    __rt_lib_init_return                     0x08000183   Thumb Code     0  libinit2.o(.ARM.Collect$$libinit$$00000033)
    __rt_lib_init_signal_1                   0x08000183   Thumb Code     0  libinit2.o(.ARM.Collect$$libinit$$0000001D)
    __rt_lib_init_stdio_1                    0x08000183   Thumb Code     0  libinit2.o(.ARM.Collect$$libinit$$00000025)
    __rt_lib_shutdown                        0x08000185   Thumb Code     0  libshutdown.o(.ARM.Collect$$libshutdown$$00000000)
    __rt_lib_shutdown_cpp_1                  0x08000187   Thumb Code     0  libshutdown2.o(.ARM.Collect$$libshutdown$$00000004)
    __rt_lib_shutdown_fini_1                 0x08000187   Thumb Code     0  libshutdown2.o(.ARM.Collect$$libshutdown$$00000002)
    __rt_lib_shutdown_fp_trap_1              0x08000187   Thumb Code     0  libshutdown2.o(.ARM.Collect$$libshutdown$$00000009)
    __rt_lib_shutdown_heap_1                 0x08000187   Thumb Code     0  libshutdown2.o(.ARM.Collect$$libshutdown$$00000011)
    __rt_lib_shutdown_return                 0x08000187   Thumb Code     0  libshutdown2.o(.ARM.Collect$$libshutdown$$00000012)
    __rt_lib_shutdown_signal_1               0x08000187   Thumb Code     0  libshutdown2.o(.ARM.Collect$$libshutdown$$0000000C)
    __rt_lib_shutdown_stdio_1                0x08000187   Thumb Code     0  libshutdown2.o(.ARM.Collect$$libshutdown$$00000006)
    __rt_lib_shutdown_user_alloc_1           0x08000187   Thumb Code     0  libshutdown2.o(.ARM.Collect$$libshutdown$$0000000E)
    __rt_entry                               0x08000189   Thumb Code     0  __rtentry.o(.ARM.Collect$$rtentry$$00000000)
    __rt_entry_presh_1                       0x08000189   Thumb Code     0  __rtentry2.o(.ARM.Collect$$rtentry$$00000002)
    __rt_entry_sh                            0x08000189   Thumb Code     0  __rtentry4.o(.ARM.Collect$$rtentry$$00000004)
    __rt_entry_li                            0x0800018f   Thumb Code     0  __rtentry2.o(.ARM.Collect$$rtentry$$0000000A)
    __rt_entry_postsh_1                      0x0800018f   Thumb Code     0  __rtentry2.o(.ARM.Collect$$rtentry$$00000009)
    __rt_entry_main                          0x08000193   Thumb Code     0  __rtentry2.o(.ARM.Collect$$rtentry$$0000000D)
    __rt_entry_postli_1                      0x08000193   Thumb Code     0  __rtentry2.o(.ARM.Collect$$rtentry$$0000000C)
    __rt_exit                                0x0800019b   Thumb Code     0  rtexit.o(.ARM.Collect$$rtexit$$00000000)
    __rt_exit_ls                             0x0800019d   Thumb Code     0  rtexit2.o(.ARM.Collect$$rtexit$$00000003)
    __rt_exit_prels_1                        0x0800019d   Thumb Code     0  rtexit2.o(.ARM.Collect$$rtexit$$00000002)
    __rt_exit_exit                           0x080001a1   Thumb Code     0  rtexit2.o(.ARM.Collect$$rtexit$$00000004)
    Reset_Handler                            0x080001a9   Thumb Code     8  startup_stm32f10x_md.o(.text)
    ADC1_2_IRQHandler                        0x080001c3   Thumb Code     0  startup_stm32f10x_md.o(.text)
    CAN1_RX1_IRQHandler                      0x080001c3   Thumb Code     0  startup_stm32f10x_md.o(.text)
    CAN1_SCE_IRQHandler                      0x080001c3   Thumb Code     0  startup_stm32f10x_md.o(.text)
    DMA1_Channel1_IRQHandler                 0x080001c3   Thumb Code     0  startup_stm32f10x_md.o(.text)
    DMA1_Channel2_IRQHandler                 0x080001c3   Thumb Code     0  startup_stm32f10x_md.o(.text)
    DMA1_Channel3_IRQHandler                 0x080001c3   Thumb Code     0  startup_stm32f10x_md.o(.text)
    DMA1_Channel4_IRQHandler                 0x080001c3   Thumb Code     0  startup_stm32f10x_md.o(.text)
    DMA1_Channel5_IRQHandler                 0x080001c3   Thumb Code     0  startup_stm32f10x_md.o(.text)
    DMA1_Channel6_IRQHandler                 0x080001c3   Thumb Code     0  startup_stm32f10x_md.o(.text)
    DMA1_Channel7_IRQHandler                 0x080001c3   Thumb Code     0  startup_stm32f10x_md.o(.text)
    EXTI0_IRQHandler                         0x080001c3   Thumb Code     0  startup_stm32f10x_md.o(.text)
    EXTI15_10_IRQHandler                     0x080001c3   Thumb Code     0  startup_stm32f10x_md.o(.text)
    EXTI1_IRQHandler                         0x080001c3   Thumb Code     0  startup_stm32f10x_md.o(.text)
    EXTI2_IRQHandler                         0x080001c3   Thumb Code     0  startup_stm32f10x_md.o(.text)
    EXTI3_IRQHandler                         0x080001c3   Thumb Code     0  startup_stm32f10x_md.o(.text)
    EXTI4_IRQHandler                         0x080001c3   Thumb Code     0  startup_stm32f10x_md.o(.text)
    EXTI9_5_IRQHandler                       0x080001c3   Thumb Code     0  startup_stm32f10x_md.o(.text)
    FLASH_IRQHandler                         0x080001c3   Thumb Code     0  startup_stm32f10x_md.o(.text)
    I2C1_ER_IRQHandler                       0x080001c3   Thumb Code     0  startup_stm32f10x_md.o(.text)
    I2C1_EV_IRQHandler                       0x080001c3   Thumb Code     0  startup_stm32f10x_md.o(.text)
    I2C2_ER_IRQHandler                       0x080001c3   Thumb Code     0  startup_stm32f10x_md.o(.text)
    I2C2_EV_IRQHandler                       0x080001c3   Thumb Code     0  startup_stm32f10x_md.o(.text)
    PVD_IRQHandler                           0x080001c3   Thumb Code     0  startup_stm32f10x_md.o(.text)
    RCC_IRQHandler                           0x080001c3   Thumb Code     0  startup_stm32f10x_md.o(.text)
    RTCAlarm_IRQHandler                      0x080001c3   Thumb Code     0  startup_stm32f10x_md.o(.text)
    RTC_IRQHandler                           0x080001c3   Thumb Code     0  startup_stm32f10x_md.o(.text)
    SPI1_IRQHandler                          0x080001c3   Thumb Code     0  startup_stm32f10x_md.o(.text)
    SPI2_IRQHandler                          0x080001c3   Thumb Code     0  startup_stm32f10x_md.o(.text)
    TAMPER_IRQHandler                        0x080001c3   Thumb Code     0  startup_stm32f10x_md.o(.text)
    TIM1_BRK_IRQHandler                      0x080001c3   Thumb Code     0  startup_stm32f10x_md.o(.text)
    TIM1_CC_IRQHandler                       0x080001c3   Thumb Code     0  startup_stm32f10x_md.o(.text)
    TIM1_TRG_COM_IRQHandler                  0x080001c3   Thumb Code     0  startup_stm32f10x_md.o(.text)
    TIM1_UP_IRQHandler                       0x080001c3   Thumb Code     0  startup_stm32f10x_md.o(.text)
    TIM2_IRQHandler                          0x080001c3   Thumb Code     0  startup_stm32f10x_md.o(.text)
    TIM3_IRQHandler                          0x080001c3   Thumb Code     0  startup_stm32f10x_md.o(.text)
    TIM4_IRQHandler                          0x080001c3   Thumb Code     0  startup_stm32f10x_md.o(.text)
    USART2_IRQHandler                        0x080001c3   Thumb Code     0  startup_stm32f10x_md.o(.text)
    USART3_IRQHandler                        0x080001c3   Thumb Code     0  startup_stm32f10x_md.o(.text)
    USBWakeUp_IRQHandler                     0x080001c3   Thumb Code     0  startup_stm32f10x_md.o(.text)
    USB_HP_CAN1_TX_IRQHandler                0x080001c3   Thumb Code     0  startup_stm32f10x_md.o(.text)
    USB_LP_CAN1_RX0_IRQHandler               0x080001c3   Thumb Code     0  startup_stm32f10x_md.o(.text)
    WWDG_IRQHandler                          0x080001c3   Thumb Code     0  startup_stm32f10x_md.o(.text)
    __user_initial_stackheap                 0x080001c5   Thumb Code     0  startup_stm32f10x_md.o(.text)
    __use_no_semihosting                     0x080001e9   Thumb Code     2  use_no_semi_2.o(.text)
    __aeabi_ldivmod                          0x080001eb   Thumb Code     0  llsdiv.o(.text)
    _ll_sdiv                                 0x080001eb   Thumb Code    72  llsdiv.o(.text)
    __2printf                                0x08000235   Thumb Code    20  noretval__2printf.o(.text)
    __2sprintf                               0x0800024d   Thumb Code    34  noretval__2sprintf.o(.text)
    _printf_int_dec                          0x08000275   Thumb Code   104  _printf_dec.o(.text)
    __printf                                 0x080002ed   Thumb Code   308  __printf_flags_wp.o(.text)
    memcmp                                   0x08000425   Thumb Code    88  memcmp.o(.text)
    __aeabi_memset                           0x0800047d   Thumb Code    16  aeabi_memset.o(.text)
    __use_two_region_memory                  0x0800048d   Thumb Code     2  heapauxi.o(.text)
    __rt_heap_escrow$2region                 0x0800048f   Thumb Code     2  heapauxi.o(.text)
    __rt_heap_expand$2region                 0x08000491   Thumb Code     2  heapauxi.o(.text)
    __I$use$semihosting                      0x08000493   Thumb Code     0  use_no_semi.o(.text)
    __use_no_semihosting_swi                 0x08000493   Thumb Code     2  use_no_semi.o(.text)
    __aeabi_uldivmod                         0x08000495   Thumb Code     0  lludivv7m.o(.text)
    _ll_udiv                                 0x08000495   Thumb Code   238  lludivv7m.o(.text)
    __read_errno                             0x08000583   Thumb Code    10  _rserrno.o(.text)
    __set_errno                              0x0800058d   Thumb Code    12  _rserrno.o(.text)
    _printf_int_common                       0x08000599   Thumb Code   178  _printf_intcommon.o(.text)
    __lib_sel_fp_printf                      0x0800064b   Thumb Code     2  _printf_fp_dec.o(.text)
    _printf_fp_dec_real                      0x080007fd   Thumb Code   620  _printf_fp_dec.o(.text)
    _printf_char_common                      0x08000a73   Thumb Code    32  _printf_char_common.o(.text)
    _sputc                                   0x08000a99   Thumb Code    10  _sputc.o(.text)
    _printf_char_file                        0x08000aa5   Thumb Code    32  _printf_char_file.o(.text)
    __aeabi_memclr                           0x08000ac9   Thumb Code     0  rt_memclr.o(.text)
    __rt_memclr                              0x08000ac9   Thumb Code    68  rt_memclr.o(.text)
    _memset                                  0x08000acd   Thumb Code     0  rt_memclr.o(.text)
    __rt_locale                              0x08000b0d   Thumb Code     8  rt_locale_intlibspace.o(.text)
    __aeabi_errno_addr                       0x08000b15   Thumb Code     8  rt_errno_addr_intlibspace.o(.text)
    __errno$intlibspace                      0x08000b15   Thumb Code     0  rt_errno_addr_intlibspace.o(.text)
    __rt_errno_addr$intlibspace              0x08000b15   Thumb Code     0  rt_errno_addr_intlibspace.o(.text)
    _ll_udiv10                               0x08000b1d   Thumb Code   138  lludiv10.o(.text)
    _printf_fp_infnan                        0x08000ba9   Thumb Code   112  _printf_fp_infnan.o(.text)
    _btod_etento                             0x08000c29   Thumb Code   224  bigflt0.o(.text)
    ferror                                   0x08000d0d   Thumb Code     8  ferror.o(.text)
    __aeabi_memclr4                          0x08000d15   Thumb Code     0  rt_memclr_w.o(.text)
    __aeabi_memclr8                          0x08000d15   Thumb Code     0  rt_memclr_w.o(.text)
    __rt_memclr_w                            0x08000d15   Thumb Code    78  rt_memclr_w.o(.text)
    _memset_w                                0x08000d19   Thumb Code     0  rt_memclr_w.o(.text)
    __user_libspace                          0x08000d65   Thumb Code     8  libspace.o(.text)
    __user_perproc_libspace                  0x08000d65   Thumb Code     0  libspace.o(.text)
    __user_perthread_libspace                0x08000d65   Thumb Code     0  libspace.o(.text)
    __user_setup_stackheap                   0x08000d6d   Thumb Code    74  sys_stackheap_outer.o(.text)
    exit                                     0x08000db7   Thumb Code    18  exit.o(.text)
    strcmp                                   0x08000dc9   Thumb Code   128  strcmpv7m.o(.text)
    _btod_d2e                                0x08000e49   Thumb Code    62  btod.o(CL$$btod_d2e)
    _d2e_denorm_low                          0x08000e87   Thumb Code    70  btod.o(CL$$btod_d2e_denorm_low)
    _d2e_norm_op1                            0x08000ecd   Thumb Code    96  btod.o(CL$$btod_d2e_norm_op1)
    __btod_div_common                        0x08000f2d   Thumb Code   696  btod.o(CL$$btod_div_common)
    _e2e                                     0x08001265   Thumb Code   220  btod.o(CL$$btod_e2e)
    _btod_ediv                               0x08001341   Thumb Code    42  btod.o(CL$$btod_ediv)
    _btod_emul                               0x0800136b   Thumb Code    42  btod.o(CL$$btod_emul)
    __btod_mult_common                       0x08001395   Thumb Code   580  btod.o(CL$$btod_mult_common)
    BusFault_Handler                         0x080015d9   Thumb Code     2  stm32f10x_it.o(i.BusFault_Handler)
    DebugMon_Handler                         0x080015db   Thumb Code     2  stm32f10x_it.o(i.DebugMon_Handler)
    GPIO_Init                                0x080015dd   Thumb Code   166  stm32f10x_gpio.o(i.GPIO_Init)
    GPIO_PinRemapConfig                      0x08001685   Thumb Code    86  stm32f10x_gpio.o(i.GPIO_PinRemapConfig)
    GPIO_SetBits                             0x080016e1   Thumb Code     4  stm32f10x_gpio.o(i.GPIO_SetBits)
    GPIO_WriteBit                            0x080016e5   Thumb Code    12  stm32f10x_gpio.o(i.GPIO_WriteBit)
    HardFault_Handler                        0x080016f1   Thumb Code     2  stm32f10x_it.o(i.HardFault_Handler)
    MPU_IIC_Ack                              0x080016f5   Thumb Code    44  mpuiic.o(i.MPU_IIC_Ack)
    MPU_IIC_Delay                            0x08001729   Thumb Code     6  mpuiic.o(i.MPU_IIC_Delay)
    MPU_IIC_Init                             0x08001731   Thumb Code    50  mpuiic.o(i.MPU_IIC_Init)
    MPU_IIC_NAck                             0x08001769   Thumb Code    44  mpuiic.o(i.MPU_IIC_NAck)
    MPU_IIC_Read_Byte                        0x0800179d   Thumb Code    96  mpuiic.o(i.MPU_IIC_Read_Byte)
    MPU_IIC_Send_Byte                        0x08001805   Thumb Code    76  mpuiic.o(i.MPU_IIC_Send_Byte)
    MPU_IIC_Start                            0x08001859   Thumb Code    44  mpuiic.o(i.MPU_IIC_Start)
    MPU_IIC_Stop                             0x0800188d   Thumb Code    46  mpuiic.o(i.MPU_IIC_Stop)
    MPU_IIC_Wait_Ack                         0x080018c5   Thumb Code    74  mpuiic.o(i.MPU_IIC_Wait_Ack)
    MPU_Init                                 0x08001919   Thumb Code   176  mpu6050.o(i.MPU_Init)
    MPU_Read_Byte                            0x080019d5   Thumb Code    58  mpu6050.o(i.MPU_Read_Byte)
    MPU_Read_Len                             0x08001a0f   Thumb Code   112  mpu6050.o(i.MPU_Read_Len)
    MPU_Set_Accel_Fsr                        0x08001a7f   Thumb Code    10  mpu6050.o(i.MPU_Set_Accel_Fsr)
    MPU_Set_Gyro_Fsr                         0x08001a89   Thumb Code    10  mpu6050.o(i.MPU_Set_Gyro_Fsr)
    MPU_Set_LPF                              0x08001a93   Thumb Code    48  mpu6050.o(i.MPU_Set_LPF)
    MPU_Set_Rate                             0x08001ac3   Thumb Code    44  mpu6050.o(i.MPU_Set_Rate)
    MPU_Write_Byte                           0x08001aef   Thumb Code    68  mpu6050.o(i.MPU_Write_Byte)
    MPU_Write_Len                            0x08001b33   Thumb Code    90  mpu6050.o(i.MPU_Write_Len)
    MemManage_Handler                        0x08001b8d   Thumb Code     2  stm32f10x_it.o(i.MemManage_Handler)
    NMI_Handler                              0x08001b8f   Thumb Code     2  stm32f10x_it.o(i.NMI_Handler)
    OLED_Clear                               0x08001b91   Thumb Code    38  oled.o(i.OLED_Clear)
    OLED_I2C_Init                            0x08001bb9   Thumb Code    76  oled.o(i.OLED_I2C_Init)
    OLED_I2C_SendByte                        0x08001c09   Thumb Code    86  oled.o(i.OLED_I2C_SendByte)
    OLED_I2C_Start                           0x08001c65   Thumb Code    52  oled.o(i.OLED_I2C_Start)
    OLED_I2C_Stop                            0x08001c9d   Thumb Code    42  oled.o(i.OLED_I2C_Stop)
    OLED_Init                                0x08001ccd   Thumb Code   172  oled.o(i.OLED_Init)
    OLED_SetCursor                           0x08001d79   Thumb Code    34  oled.o(i.OLED_SetCursor)
    OLED_ShowChar                            0x08001d9d   Thumb Code    82  oled.o(i.OLED_ShowChar)
    OLED_ShowString                          0x08001df5   Thumb Code    38  oled.o(i.OLED_ShowString)
    OLED_WriteCommand                        0x08001e1b   Thumb Code    34  oled.o(i.OLED_WriteCommand)
    OLED_WriteData                           0x08001e3d   Thumb Code    34  oled.o(i.OLED_WriteData)
    PendSV_Handler                           0x08001e5f   Thumb Code     2  stm32f10x_it.o(i.PendSV_Handler)
    RCC_APB2PeriphClockCmd                   0x08001e61   Thumb Code    22  stm32f10x_rcc.o(i.RCC_APB2PeriphClockCmd)
    SVC_Handler                              0x08001e7d   Thumb Code     2  stm32f10x_it.o(i.SVC_Handler)
    SysTick_CLKSourceConfig                  0x08001f35   Thumb Code    28  misc.o(i.SysTick_CLKSourceConfig)
    SysTick_Handler                          0x08001f51   Thumb Code     2  stm32f10x_it.o(i.SysTick_Handler)
    SystemInit                               0x08001f55   Thumb Code    64  system_stm32f10x.o(i.SystemInit)
    USART1_IRQHandler                        0x08001fa5   Thumb Code    92  usart.o(i.USART1_IRQHandler)
    USART_GetITStatus                        0x0800200d   Thumb Code    64  stm32f10x_usart.o(i.USART_GetITStatus)
    USART_ReceiveData                        0x0800204d   Thumb Code     8  stm32f10x_usart.o(i.USART_ReceiveData)
    UsageFault_Handler                       0x08002055   Thumb Code     2  stm32f10x_it.o(i.UsageFault_Handler)
    __ARM_fpclassify                         0x08002057   Thumb Code    40  fpclassify.o(i.__ARM_fpclassify)
    __kernel_poly                            0x0800207f   Thumb Code   170  poly.o(i.__kernel_poly)
    __mathlib_dbl_infnan                     0x08002129   Thumb Code     6  dunder.o(i.__mathlib_dbl_infnan)
    __mathlib_dbl_infnan2                    0x0800212f   Thumb Code     4  dunder.o(i.__mathlib_dbl_infnan2)
    __mathlib_dbl_invalid                    0x08002133   Thumb Code    12  dunder.o(i.__mathlib_dbl_invalid)
    __mathlib_dbl_underflow                  0x08002141   Thumb Code    10  dunder.o(i.__mathlib_dbl_underflow)
    _is_digit                                0x08002151   Thumb Code    14  __printf_wp.o(i._is_digit)
    _sys_exit                                0x0800215f   Thumb Code     2  usart.o(i._sys_exit)
    asin                                     0x080021e5   Thumb Code   572  asin.o(i.asin)
    atan                                     0x08002455   Thumb Code   474  atan.o(i.atan)
    atan2                                    0x08002675   Thumb Code   374  atan2.o(i.atan2)
    delay_init                               0x0800284d   Thumb Code    46  delay.o(i.delay_init)
    delay_ms                                 0x08002889   Thumb Code    46  delay.o(i.delay_ms)
    delay_us                                 0x080028bd   Thumb Code    46  delay.o(i.delay_us)
    dmp_enable_6x_lp_quat                    0x080028f1   Thumb Code    60  inv_mpu_dmp_motion_driver.o(i.dmp_enable_6x_lp_quat)
    dmp_enable_feature                       0x0800292d   Thumb Code   484  inv_mpu_dmp_motion_driver.o(i.dmp_enable_feature)
    dmp_enable_gyro_cal                      0x08002b19   Thumb Code    62  inv_mpu_dmp_motion_driver.o(i.dmp_enable_gyro_cal)
    dmp_enable_lp_quat                       0x08002b71   Thumb Code    60  inv_mpu_dmp_motion_driver.o(i.dmp_enable_lp_quat)
    dmp_load_motion_driver_firmware          0x08002bad   Thumb Code    16  inv_mpu_dmp_motion_driver.o(i.dmp_load_motion_driver_firmware)
    dmp_read_fifo                            0x08002bc1   Thumb Code   384  inv_mpu_dmp_motion_driver.o(i.dmp_read_fifo)
    dmp_set_accel_bias                       0x08002d45   Thumb Code   262  inv_mpu_dmp_motion_driver.o(i.dmp_set_accel_bias)
    dmp_set_fifo_rate                        0x08002e51   Thumb Code    96  inv_mpu_dmp_motion_driver.o(i.dmp_set_fifo_rate)
    dmp_set_gyro_bias                        0x08002ec1   Thumb Code   256  inv_mpu_dmp_motion_driver.o(i.dmp_set_gyro_bias)
    dmp_set_orientation                      0x08002fc9   Thumb Code   260  inv_mpu_dmp_motion_driver.o(i.dmp_set_orientation)
    dmp_set_shake_reject_thresh              0x080030e1   Thumb Code    48  inv_mpu_dmp_motion_driver.o(i.dmp_set_shake_reject_thresh)
    dmp_set_shake_reject_time                0x08003111   Thumb Code    32  inv_mpu_dmp_motion_driver.o(i.dmp_set_shake_reject_time)
    dmp_set_shake_reject_timeout             0x08003131   Thumb Code    32  inv_mpu_dmp_motion_driver.o(i.dmp_set_shake_reject_timeout)
    dmp_set_tap_axes                         0x08003151   Thumb Code    56  inv_mpu_dmp_motion_driver.o(i.dmp_set_tap_axes)
    dmp_set_tap_count                        0x08003189   Thumb Code    34  inv_mpu_dmp_motion_driver.o(i.dmp_set_tap_count)
    dmp_set_tap_thresh                       0x080031ad   Thumb Code   334  inv_mpu_dmp_motion_driver.o(i.dmp_set_tap_thresh)
    dmp_set_tap_time                         0x08003311   Thumb Code    32  inv_mpu_dmp_motion_driver.o(i.dmp_set_tap_time)
    dmp_set_tap_time_multi                   0x08003331   Thumb Code    32  inv_mpu_dmp_motion_driver.o(i.dmp_set_tap_time_multi)
    fputc                                    0x08003351   Thumb Code    18  usart.o(i.fputc)
    inv_orientation_matrix_to_scalar         0x080038c9   Thumb Code    36  inv_mpu.o(i.inv_orientation_matrix_to_scalar)
    inv_row_2_scale                          0x080038ed   Thumb Code    72  inv_mpu.o(i.inv_row_2_scale)
    main                                     0x08003935   Thumb Code   132  main.o(i.main)
    mget_ms                                  0x080039f5   Thumb Code     2  inv_mpu.o(i.mget_ms)
    mpu_configure_fifo                       0x080039f9   Thumb Code    90  inv_mpu.o(i.mpu_configure_fifo)
    mpu_dmp_get_data                         0x08003a59   Thumb Code   408  inv_mpu.o(i.mpu_dmp_get_data)
    mpu_dmp_init                             0x08003bf5   Thumb Code   146  inv_mpu.o(i.mpu_dmp_init)
    mpu_get_accel_fsr                        0x08003c8d   Thumb Code    62  inv_mpu.o(i.mpu_get_accel_fsr)
    mpu_get_accel_sens                       0x08003cd1   Thumb Code    70  inv_mpu.o(i.mpu_get_accel_sens)
    mpu_get_fifo_config                      0x08003d1d   Thumb Code    10  inv_mpu.o(i.mpu_get_fifo_config)
    mpu_get_gyro_fsr                         0x08003d2d   Thumb Code    58  inv_mpu.o(i.mpu_get_gyro_fsr)
    mpu_get_gyro_sens                        0x08003d6d   Thumb Code    52  inv_mpu.o(i.mpu_get_gyro_sens)
    mpu_get_lpf                              0x08003db5   Thumb Code    64  inv_mpu.o(i.mpu_get_lpf)
    mpu_get_sample_rate                      0x08003df9   Thumb Code    24  inv_mpu.o(i.mpu_get_sample_rate)
    mpu_init                                 0x08003e15   Thumb Code   346  inv_mpu.o(i.mpu_init)
    mpu_load_firmware                        0x08003fc1   Thumb Code   174  inv_mpu.o(i.mpu_load_firmware)
    mpu_lp_accel_mode                        0x08004075   Thumb Code   204  inv_mpu.o(i.mpu_lp_accel_mode)
    mpu_read_fifo_stream                     0x08004145   Thumb Code   166  inv_mpu.o(i.mpu_read_fifo_stream)
    mpu_read_mem                             0x080041f1   Thumb Code   106  inv_mpu.o(i.mpu_read_mem)
    mpu_reset_fifo                           0x08004261   Thumb Code   360  inv_mpu.o(i.mpu_reset_fifo)
    mpu_run_self_test                        0x080043cd   Thumb Code   244  inv_mpu.o(i.mpu_run_self_test)
    mpu_set_accel_fsr                        0x080044c5   Thumb Code   110  inv_mpu.o(i.mpu_set_accel_fsr)
    mpu_set_bypass                           0x08004539   Thumb Code   276  inv_mpu.o(i.mpu_set_bypass)
    mpu_set_dmp_state                        0x08004651   Thumb Code   118  inv_mpu.o(i.mpu_set_dmp_state)
    mpu_set_gyro_fsr                         0x080046cd   Thumb Code   116  inv_mpu.o(i.mpu_set_gyro_fsr)
    mpu_set_int_latched                      0x08004745   Thumb Code    92  inv_mpu.o(i.mpu_set_int_latched)
    mpu_set_lpf                              0x080047a5   Thumb Code   118  inv_mpu.o(i.mpu_set_lpf)
    mpu_set_sample_rate                      0x08004821   Thumb Code   126  inv_mpu.o(i.mpu_set_sample_rate)
    mpu_set_sensors                          0x080048a5   Thumb Code   172  inv_mpu.o(i.mpu_set_sensors)
    mpu_write_mem                            0x08004955   Thumb Code   106  inv_mpu.o(i.mpu_write_mem)
    run_self_test                            0x080049c5   Thumb Code   128  inv_mpu.o(i.run_self_test)
    sqrt                                     0x08004ab9   Thumb Code    76  sqrt.o(i.sqrt)
    _get_lc_numeric                          0x08004b05   Thumb Code    44  lc_numeric_c.o(locale$$code)
    __aeabi_d2f                              0x08004b31   Thumb Code     0  d2f.o(x$fpl$d2f)
    _d2f                                     0x08004b31   Thumb Code    98  d2f.o(x$fpl$d2f)
    __aeabi_dadd                             0x08004b95   Thumb Code     0  daddsub_clz.o(x$fpl$dadd)
    _dadd                                    0x08004b95   Thumb Code   332  daddsub_clz.o(x$fpl$dadd)
    __fpl_dcheck_NaN1                        0x08004ce5   Thumb Code    10  dcheck1.o(x$fpl$dcheck1)
    __fpl_dcmp_Inf                           0x08004cf5   Thumb Code    24  dcmpi.o(x$fpl$dcmpinf)
    __aeabi_ddiv                             0x08004d0d   Thumb Code     0  ddiv.o(x$fpl$ddiv)
    _ddiv                                    0x08004d0d   Thumb Code   552  ddiv.o(x$fpl$ddiv)
    __aeabi_cdcmpeq                          0x08004fbd   Thumb Code     0  deqf.o(x$fpl$deqf)
    _dcmpeq                                  0x08004fbd   Thumb Code   120  deqf.o(x$fpl$deqf)
    __aeabi_dmul                             0x08005035   Thumb Code     0  dmul.o(x$fpl$dmul)
    _dmul                                    0x08005035   Thumb Code   332  dmul.o(x$fpl$dmul)
    __fpl_dnaninf                            0x08005189   Thumb Code   156  dnaninf.o(x$fpl$dnaninf)
    __fpl_dretinf                            0x08005225   Thumb Code    12  dretinf.o(x$fpl$dretinf)
    __aeabi_drsub                            0x08005231   Thumb Code     0  daddsub_clz.o(x$fpl$drsb)
    _drsb                                    0x08005231   Thumb Code    22  daddsub_clz.o(x$fpl$drsb)
    _dsqrt                                   0x08005249   Thumb Code   456  dsqrt_noumaal.o(x$fpl$dsqrt)
    __aeabi_dsub                             0x08005415   Thumb Code     0  daddsub_clz.o(x$fpl$dsub)
    _dsub                                    0x08005415   Thumb Code   464  daddsub_clz.o(x$fpl$dsub)
    __aeabi_f2d                              0x080055e9   Thumb Code     0  f2d.o(x$fpl$f2d)
    _f2d                                     0x080055e9   Thumb Code    86  f2d.o(x$fpl$f2d)
    __aeabi_fadd                             0x08005641   Thumb Code     0  faddsub_clz.o(x$fpl$fadd)
    _fadd                                    0x08005641   Thumb Code   196  faddsub_clz.o(x$fpl$fadd)
    __fpl_fcheck_NaN1                        0x08005705   Thumb Code     6  fcheck1.o(x$fpl$fcheck1)
    __aeabi_fdiv                             0x08005711   Thumb Code     0  fdiv.o(x$fpl$fdiv)
    _fdiv                                    0x08005711   Thumb Code   384  fdiv.o(x$fpl$fdiv)
    __aeabi_f2iz                             0x08005895   Thumb Code     0  ffix.o(x$fpl$ffix)
    _ffix                                    0x08005895   Thumb Code    54  ffix.o(x$fpl$ffix)
    __aeabi_f2uiz                            0x080058cd   Thumb Code     0  ffixu.o(x$fpl$ffixu)
    _ffixu                                   0x080058cd   Thumb Code    62  ffixu.o(x$fpl$ffixu)
    __aeabi_i2f                              0x0800590d   Thumb Code     0  fflt_clz.o(x$fpl$fflt)
    _fflt                                    0x0800590d   Thumb Code    48  fflt_clz.o(x$fpl$fflt)
    __aeabi_ui2f                             0x0800593d   Thumb Code     0  fflt_clz.o(x$fpl$ffltu)
    _ffltu                                   0x0800593d   Thumb Code    38  fflt_clz.o(x$fpl$ffltu)
    __aeabi_fmul                             0x08005965   Thumb Code     0  fmul.o(x$fpl$fmul)
    _fmul                                    0x08005965   Thumb Code   258  fmul.o(x$fpl$fmul)
    __fpl_fnaninf                            0x08005a67   Thumb Code   140  fnaninf.o(x$fpl$fnaninf)
    __fpl_fretinf                            0x08005af3   Thumb Code    10  fretinf.o(x$fpl$fretinf)
    __aeabi_fsub                             0x08005afd   Thumb Code     0  faddsub_clz.o(x$fpl$fsub)
    _fsub                                    0x08005afd   Thumb Code   234  faddsub_clz.o(x$fpl$fsub)
    _printf_fp_dec                           0x08005be7   Thumb Code     4  printf1.o(x$fpl$printf1)
    __fpl_return_NaN                         0x08005beb   Thumb Code   100  retnan.o(x$fpl$retnan)
    __ARM_scalbn                             0x08005c4f   Thumb Code    92  scalbn.o(x$fpl$scalbn)
    __ARM_scalbnf                            0x08005cab   Thumb Code    76  scalbnf.o(x$fpl$scalbnf)
    __fpl_cmpreturn                          0x08005cf7   Thumb Code    48  trapv.o(x$fpl$trapveneer)
    OLED_F8x16                               0x08005d26   Data        1520  oled.o(.constdata)
    __I$use$fp                               0x08005d26   Number         0  usenofp.o(x$fpl$usenofp)
    reg                                      0x08006316   Data          27  inv_mpu.o(.constdata)
    hw                                       0x08006332   Data          12  inv_mpu.o(.constdata)
    test                                     0x08006340   Data          40  inv_mpu.o(.constdata)
    __mathlib_zero                           0x08007058   Data           8  qnan.o(.constdata)
    Region$$Table$$Base                      0x08007144   Number         0  anon$$obj.o(Region$$Table)
    Region$$Table$$Limit                     0x08007164   Number         0  anon$$obj.o(Region$$Table)
    SystemCoreClock                          0x20000000   Data           4  system_stm32f10x.o(.data)
    AHBPrescTable                            0x20000004   Data          16  system_stm32f10x.o(.data)
    USART_RX_STA                             0x2000004e   Data           2  usart.o(.data)
    __stdout                                 0x20000050   Data           4  usart.o(.data)
    USART_RX_BUF                             0x20000064   Data         200  usart.o(.bss)
    __libspace_start                         0x2000012c   Data          96  libspace.o(.bss)
    __temporary_stack_top$libspace           0x2000018c   Data           0  libspace.o(.bss)



==============================================================================

Memory Map of the image

  Image Entry point : 0x080001a9

  Load Region LR_1 (Base: 0x08000000, Size: 0x000071d4, Max: 0xffffffff, ABSOLUTE)

    Execution Region ER_RO (Exec base: 0x08000000, Load base: 0x08000000, Size: 0x00007180, Max: 0xffffffff, ABSOLUTE)

    Exec Addr    Load Addr    Size         Type   Attr      Idx    E Section Name        Object

    0x08000000   0x08000000   0x000000ec   Data   RO         3138    RESET               startup_stm32f10x_md.o
    0x080000ec   0x080000ec   0x00000008   Code   RO         4256  * !!!main             c_w.l(__main.o)
    0x080000f4   0x080000f4   0x00000034   Code   RO         4628    !!!scatter          c_w.l(__scatter.o)
    0x08000128   0x08000128   0x0000001a   Code   RO         4630    !!handler_copy      c_w.l(__scatter_copy.o)
    0x08000142   0x08000142   0x00000002   PAD
    0x08000144   0x08000144   0x0000001c   Code   RO         4632    !!handler_zi        c_w.l(__scatter_zi.o)
    0x08000160   0x08000160   0x00000000   Code   RO         4249    .ARM.Collect$$_printf_percent$$00000000  c_w.l(_printf_percent.o)
    0x08000160   0x08000160   0x00000006   Code   RO         4248    .ARM.Collect$$_printf_percent$$00000003  c_w.l(_printf_f.o)
    0x08000166   0x08000166   0x00000006   Code   RO         4247    .ARM.Collect$$_printf_percent$$00000009  c_w.l(_printf_d.o)
    0x0800016c   0x0800016c   0x00000004   Code   RO         4345    .ARM.Collect$$_printf_percent$$00000017  c_w.l(_printf_percent_end.o)
    0x08000170   0x08000170   0x00000002   Code   RO         4497    .ARM.Collect$$libinit$$00000000  c_w.l(libinit.o)
    0x08000172   0x08000172   0x00000000   Code   RO         4499    .ARM.Collect$$libinit$$00000002  c_w.l(libinit2.o)
    0x08000172   0x08000172   0x00000000   Code   RO         4501    .ARM.Collect$$libinit$$00000004  c_w.l(libinit2.o)
    0x08000172   0x08000172   0x00000000   Code   RO         4504    .ARM.Collect$$libinit$$0000000A  c_w.l(libinit2.o)
    0x08000172   0x08000172   0x00000000   Code   RO         4506    .ARM.Collect$$libinit$$0000000C  c_w.l(libinit2.o)
    0x08000172   0x08000172   0x00000000   Code   RO         4508    .ARM.Collect$$libinit$$0000000E  c_w.l(libinit2.o)
    0x08000172   0x08000172   0x00000006   Code   RO         4509    .ARM.Collect$$libinit$$0000000F  c_w.l(libinit2.o)
    0x08000178   0x08000178   0x00000000   Code   RO         4511    .ARM.Collect$$libinit$$00000011  c_w.l(libinit2.o)
    0x08000178   0x08000178   0x00000000   Code   RO         4513    .ARM.Collect$$libinit$$00000013  c_w.l(libinit2.o)
    0x08000178   0x08000178   0x00000000   Code   RO         4515    .ARM.Collect$$libinit$$00000015  c_w.l(libinit2.o)
    0x08000178   0x08000178   0x0000000a   Code   RO         4516    .ARM.Collect$$libinit$$00000016  c_w.l(libinit2.o)
    0x08000182   0x08000182   0x00000000   Code   RO         4517    .ARM.Collect$$libinit$$00000017  c_w.l(libinit2.o)
    0x08000182   0x08000182   0x00000000   Code   RO         4519    .ARM.Collect$$libinit$$00000019  c_w.l(libinit2.o)
    0x08000182   0x08000182   0x00000000   Code   RO         4521    .ARM.Collect$$libinit$$0000001B  c_w.l(libinit2.o)
    0x08000182   0x08000182   0x00000000   Code   RO         4523    .ARM.Collect$$libinit$$0000001D  c_w.l(libinit2.o)
    0x08000182   0x08000182   0x00000000   Code   RO         4525    .ARM.Collect$$libinit$$0000001F  c_w.l(libinit2.o)
    0x08000182   0x08000182   0x00000000   Code   RO         4527    .ARM.Collect$$libinit$$00000021  c_w.l(libinit2.o)
    0x08000182   0x08000182   0x00000000   Code   RO         4529    .ARM.Collect$$libinit$$00000023  c_w.l(libinit2.o)
    0x08000182   0x08000182   0x00000000   Code   RO         4531    .ARM.Collect$$libinit$$00000025  c_w.l(libinit2.o)
    0x08000182   0x08000182   0x00000000   Code   RO         4535    .ARM.Collect$$libinit$$0000002C  c_w.l(libinit2.o)
    0x08000182   0x08000182   0x00000000   Code   RO         4537    .ARM.Collect$$libinit$$0000002E  c_w.l(libinit2.o)
    0x08000182   0x08000182   0x00000000   Code   RO         4539    .ARM.Collect$$libinit$$00000030  c_w.l(libinit2.o)
    0x08000182   0x08000182   0x00000000   Code   RO         4541    .ARM.Collect$$libinit$$00000032  c_w.l(libinit2.o)
    0x08000182   0x08000182   0x00000002   Code   RO         4542    .ARM.Collect$$libinit$$00000033  c_w.l(libinit2.o)
    0x08000184   0x08000184   0x00000002   Code   RO         4586    .ARM.Collect$$libshutdown$$00000000  c_w.l(libshutdown.o)
    0x08000186   0x08000186   0x00000000   Code   RO         4595    .ARM.Collect$$libshutdown$$00000002  c_w.l(libshutdown2.o)
    0x08000186   0x08000186   0x00000000   Code   RO         4597    .ARM.Collect$$libshutdown$$00000004  c_w.l(libshutdown2.o)
    0x08000186   0x08000186   0x00000000   Code   RO         4599    .ARM.Collect$$libshutdown$$00000006  c_w.l(libshutdown2.o)
    0x08000186   0x08000186   0x00000000   Code   RO         4602    .ARM.Collect$$libshutdown$$00000009  c_w.l(libshutdown2.o)
    0x08000186   0x08000186   0x00000000   Code   RO         4605    .ARM.Collect$$libshutdown$$0000000C  c_w.l(libshutdown2.o)
    0x08000186   0x08000186   0x00000000   Code   RO         4607    .ARM.Collect$$libshutdown$$0000000E  c_w.l(libshutdown2.o)
    0x08000186   0x08000186   0x00000000   Code   RO         4610    .ARM.Collect$$libshutdown$$00000011  c_w.l(libshutdown2.o)
    0x08000186   0x08000186   0x00000002   Code   RO         4611    .ARM.Collect$$libshutdown$$00000012  c_w.l(libshutdown2.o)
    0x08000188   0x08000188   0x00000000   Code   RO         4330    .ARM.Collect$$rtentry$$00000000  c_w.l(__rtentry.o)
    0x08000188   0x08000188   0x00000000   Code   RO         4401    .ARM.Collect$$rtentry$$00000002  c_w.l(__rtentry2.o)
    0x08000188   0x08000188   0x00000006   Code   RO         4413    .ARM.Collect$$rtentry$$00000004  c_w.l(__rtentry4.o)
    0x0800018e   0x0800018e   0x00000000   Code   RO         4403    .ARM.Collect$$rtentry$$00000009  c_w.l(__rtentry2.o)
    0x0800018e   0x0800018e   0x00000004   Code   RO         4404    .ARM.Collect$$rtentry$$0000000A  c_w.l(__rtentry2.o)
    0x08000192   0x08000192   0x00000000   Code   RO         4406    .ARM.Collect$$rtentry$$0000000C  c_w.l(__rtentry2.o)
    0x08000192   0x08000192   0x00000008   Code   RO         4407    .ARM.Collect$$rtentry$$0000000D  c_w.l(__rtentry2.o)
    0x0800019a   0x0800019a   0x00000002   Code   RO         4545    .ARM.Collect$$rtexit$$00000000  c_w.l(rtexit.o)
    0x0800019c   0x0800019c   0x00000000   Code   RO         4556    .ARM.Collect$$rtexit$$00000002  c_w.l(rtexit2.o)
    0x0800019c   0x0800019c   0x00000004   Code   RO         4557    .ARM.Collect$$rtexit$$00000003  c_w.l(rtexit2.o)
    0x080001a0   0x080001a0   0x00000006   Code   RO         4558    .ARM.Collect$$rtexit$$00000004  c_w.l(rtexit2.o)
    0x080001a6   0x080001a6   0x00000002   PAD
    0x080001a8   0x080001a8   0x00000040   Code   RO         3139  * .text               startup_stm32f10x_md.o
    0x080001e8   0x080001e8   0x00000002   Code   RO         4187    .text               c_w.l(use_no_semi_2.o)
    0x080001ea   0x080001ea   0x00000048   Code   RO         4189    .text               c_w.l(llsdiv.o)
    0x08000232   0x08000232   0x00000002   PAD
    0x08000234   0x08000234   0x00000018   Code   RO         4195    .text               c_w.l(noretval__2printf.o)
    0x0800024c   0x0800024c   0x00000028   Code   RO         4197    .text               c_w.l(noretval__2sprintf.o)
    0x08000274   0x08000274   0x00000078   Code   RO         4203    .text               c_w.l(_printf_dec.o)
    0x080002ec   0x080002ec   0x00000138   Code   RO         4238    .text               c_w.l(__printf_flags_wp.o)
    0x08000424   0x08000424   0x00000058   Code   RO         4250    .text               c_w.l(memcmp.o)
    0x0800047c   0x0800047c   0x00000010   Code   RO         4252    .text               c_w.l(aeabi_memset.o)
    0x0800048c   0x0800048c   0x00000006   Code   RO         4254    .text               c_w.l(heapauxi.o)
    0x08000492   0x08000492   0x00000002   Code   RO         4328    .text               c_w.l(use_no_semi.o)
    0x08000494   0x08000494   0x000000ee   Code   RO         4331    .text               c_w.l(lludivv7m.o)
    0x08000582   0x08000582   0x00000016   Code   RO         4333    .text               c_w.l(_rserrno.o)
    0x08000598   0x08000598   0x000000b2   Code   RO         4335    .text               c_w.l(_printf_intcommon.o)
    0x0800064a   0x0800064a   0x0000041e   Code   RO         4337    .text               c_w.l(_printf_fp_dec.o)
    0x08000a68   0x08000a68   0x00000030   Code   RO         4339    .text               c_w.l(_printf_char_common.o)
    0x08000a98   0x08000a98   0x0000000a   Code   RO         4341    .text               c_w.l(_sputc.o)
    0x08000aa2   0x08000aa2   0x00000002   PAD
    0x08000aa4   0x08000aa4   0x00000024   Code   RO         4343    .text               c_w.l(_printf_char_file.o)
    0x08000ac8   0x08000ac8   0x00000044   Code   RO         4346    .text               c_w.l(rt_memclr.o)
    0x08000b0c   0x08000b0c   0x00000008   Code   RO         4422    .text               c_w.l(rt_locale_intlibspace.o)
    0x08000b14   0x08000b14   0x00000008   Code   RO         4427    .text               c_w.l(rt_errno_addr_intlibspace.o)
    0x08000b1c   0x08000b1c   0x0000008a   Code   RO         4429    .text               c_w.l(lludiv10.o)
    0x08000ba6   0x08000ba6   0x00000002   PAD
    0x08000ba8   0x08000ba8   0x00000080   Code   RO         4431    .text               c_w.l(_printf_fp_infnan.o)
    0x08000c28   0x08000c28   0x000000e4   Code   RO         4435    .text               c_w.l(bigflt0.o)
    0x08000d0c   0x08000d0c   0x00000008   Code   RO         4460    .text               c_w.l(ferror.o)
    0x08000d14   0x08000d14   0x0000004e   Code   RO         4467    .text               c_w.l(rt_memclr_w.o)
    0x08000d62   0x08000d62   0x00000002   PAD
    0x08000d64   0x08000d64   0x00000008   Code   RO         4481    .text               c_w.l(libspace.o)
    0x08000d6c   0x08000d6c   0x0000004a   Code   RO         4484    .text               c_w.l(sys_stackheap_outer.o)
    0x08000db6   0x08000db6   0x00000012   Code   RO         4488    .text               c_w.l(exit.o)
    0x08000dc8   0x08000dc8   0x00000080   Code   RO         4490    .text               c_w.l(strcmpv7m.o)
    0x08000e48   0x08000e48   0x0000003e   Code   RO         4438    CL$$btod_d2e        c_w.l(btod.o)
    0x08000e86   0x08000e86   0x00000046   Code   RO         4440    CL$$btod_d2e_denorm_low  c_w.l(btod.o)
    0x08000ecc   0x08000ecc   0x00000060   Code   RO         4439    CL$$btod_d2e_norm_op1  c_w.l(btod.o)
    0x08000f2c   0x08000f2c   0x00000338   Code   RO         4448    CL$$btod_div_common  c_w.l(btod.o)
    0x08001264   0x08001264   0x000000dc   Code   RO         4445    CL$$btod_e2e        c_w.l(btod.o)
    0x08001340   0x08001340   0x0000002a   Code   RO         4442    CL$$btod_ediv       c_w.l(btod.o)
    0x0800136a   0x0800136a   0x0000002a   Code   RO         4441    CL$$btod_emul       c_w.l(btod.o)
    0x08001394   0x08001394   0x00000244   Code   RO         4447    CL$$btod_mult_common  c_w.l(btod.o)
    0x080015d8   0x080015d8   0x00000002   Code   RO         3230    i.BusFault_Handler  stm32f10x_it.o
    0x080015da   0x080015da   0x00000002   Code   RO         3231    i.DebugMon_Handler  stm32f10x_it.o
    0x080015dc   0x080015dc   0x000000a6   Code   RO         1276    i.GPIO_Init         stm32f10x_gpio.o
    0x08001682   0x08001682   0x00000002   PAD
    0x08001684   0x08001684   0x0000005c   Code   RO         1278    i.GPIO_PinRemapConfig  stm32f10x_gpio.o
    0x080016e0   0x080016e0   0x00000004   Code   RO         1284    i.GPIO_SetBits      stm32f10x_gpio.o
    0x080016e4   0x080016e4   0x0000000c   Code   RO         1287    i.GPIO_WriteBit     stm32f10x_gpio.o
    0x080016f0   0x080016f0   0x00000002   Code   RO         3232    i.HardFault_Handler  stm32f10x_it.o
    0x080016f2   0x080016f2   0x00000002   PAD
    0x080016f4   0x080016f4   0x00000034   Code   RO         3493    i.MPU_IIC_Ack       mpuiic.o
    0x08001728   0x08001728   0x00000006   Code   RO         3494    i.MPU_IIC_Delay     mpuiic.o
    0x0800172e   0x0800172e   0x00000002   PAD
    0x08001730   0x08001730   0x00000038   Code   RO         3495    i.MPU_IIC_Init      mpuiic.o
    0x08001768   0x08001768   0x00000034   Code   RO         3496    i.MPU_IIC_NAck      mpuiic.o
    0x0800179c   0x0800179c   0x00000068   Code   RO         3497    i.MPU_IIC_Read_Byte  mpuiic.o
    0x08001804   0x08001804   0x00000054   Code   RO         3498    i.MPU_IIC_Send_Byte  mpuiic.o
    0x08001858   0x08001858   0x00000034   Code   RO         3499    i.MPU_IIC_Start     mpuiic.o
    0x0800188c   0x0800188c   0x00000038   Code   RO         3500    i.MPU_IIC_Stop      mpuiic.o
    0x080018c4   0x080018c4   0x00000054   Code   RO         3501    i.MPU_IIC_Wait_Ack  mpuiic.o
    0x08001918   0x08001918   0x000000bc   Code   RO         3404    i.MPU_Init          mpu6050.o
    0x080019d4   0x080019d4   0x0000003a   Code   RO         3405    i.MPU_Read_Byte     mpu6050.o
    0x08001a0e   0x08001a0e   0x00000070   Code   RO         3406    i.MPU_Read_Len      mpu6050.o
    0x08001a7e   0x08001a7e   0x0000000a   Code   RO         3407    i.MPU_Set_Accel_Fsr  mpu6050.o
    0x08001a88   0x08001a88   0x0000000a   Code   RO         3408    i.MPU_Set_Gyro_Fsr  mpu6050.o
    0x08001a92   0x08001a92   0x00000030   Code   RO         3409    i.MPU_Set_LPF       mpu6050.o
    0x08001ac2   0x08001ac2   0x0000002c   Code   RO         3410    i.MPU_Set_Rate      mpu6050.o
    0x08001aee   0x08001aee   0x00000044   Code   RO         3411    i.MPU_Write_Byte    mpu6050.o
    0x08001b32   0x08001b32   0x0000005a   Code   RO         3412    i.MPU_Write_Len     mpu6050.o
    0x08001b8c   0x08001b8c   0x00000002   Code   RO         3233    i.MemManage_Handler  stm32f10x_it.o
    0x08001b8e   0x08001b8e   0x00000002   Code   RO         3234    i.NMI_Handler       stm32f10x_it.o
    0x08001b90   0x08001b90   0x00000026   Code   RO         3293    i.OLED_Clear        oled.o
    0x08001bb6   0x08001bb6   0x00000002   PAD
    0x08001bb8   0x08001bb8   0x00000050   Code   RO         3294    i.OLED_I2C_Init     oled.o
    0x08001c08   0x08001c08   0x0000005c   Code   RO         3295    i.OLED_I2C_SendByte  oled.o
    0x08001c64   0x08001c64   0x00000038   Code   RO         3296    i.OLED_I2C_Start    oled.o
    0x08001c9c   0x08001c9c   0x00000030   Code   RO         3297    i.OLED_I2C_Stop     oled.o
    0x08001ccc   0x08001ccc   0x000000ac   Code   RO         3298    i.OLED_Init         oled.o
    0x08001d78   0x08001d78   0x00000022   Code   RO         3300    i.OLED_SetCursor    oled.o
    0x08001d9a   0x08001d9a   0x00000002   PAD
    0x08001d9c   0x08001d9c   0x00000058   Code   RO         3302    i.OLED_ShowChar     oled.o
    0x08001df4   0x08001df4   0x00000026   Code   RO         3306    i.OLED_ShowString   oled.o
    0x08001e1a   0x08001e1a   0x00000022   Code   RO         3307    i.OLED_WriteCommand  oled.o
    0x08001e3c   0x08001e3c   0x00000022   Code   RO         3308    i.OLED_WriteData    oled.o
    0x08001e5e   0x08001e5e   0x00000002   Code   RO         3235    i.PendSV_Handler    stm32f10x_it.o
    0x08001e60   0x08001e60   0x0000001c   Code   RO         1706    i.RCC_APB2PeriphClockCmd  stm32f10x_rcc.o
    0x08001e7c   0x08001e7c   0x00000002   Code   RO         3236    i.SVC_Handler       stm32f10x_it.o
    0x08001e7e   0x08001e7e   0x00000004   Code   RO         3143    i.SetSysClock       system_stm32f10x.o
    0x08001e82   0x08001e82   0x00000002   PAD
    0x08001e84   0x08001e84   0x000000b0   Code   RO         3144    i.SetSysClockTo72   system_stm32f10x.o
    0x08001f34   0x08001f34   0x0000001c   Code   RO            5    i.SysTick_CLKSourceConfig  misc.o
    0x08001f50   0x08001f50   0x00000002   Code   RO         3237    i.SysTick_Handler   stm32f10x_it.o
    0x08001f52   0x08001f52   0x00000002   PAD
    0x08001f54   0x08001f54   0x00000050   Code   RO         3146    i.SystemInit        system_stm32f10x.o
    0x08001fa4   0x08001fa4   0x00000068   Code   RO         4143    i.USART1_IRQHandler  usart.o
    0x0800200c   0x0800200c   0x00000040   Code   RO         2893    i.USART_GetITStatus  stm32f10x_usart.o
    0x0800204c   0x0800204c   0x00000008   Code   RO         2903    i.USART_ReceiveData  stm32f10x_usart.o
    0x08002054   0x08002054   0x00000002   Code   RO         3238    i.UsageFault_Handler  stm32f10x_it.o
    0x08002056   0x08002056   0x00000028   Code   RO         4387    i.__ARM_fpclassify  m_ws.l(fpclassify.o)
    0x0800207e   0x0800207e   0x000000aa   Code   RO         4389    i.__kernel_poly     m_ws.l(poly.o)
    0x08002128   0x08002128   0x00000006   Code   RO         4374    i.__mathlib_dbl_infnan  m_ws.l(dunder.o)
    0x0800212e   0x0800212e   0x00000004   Code   RO         4375    i.__mathlib_dbl_infnan2  m_ws.l(dunder.o)
    0x08002132   0x08002132   0x0000000c   Code   RO         4376    i.__mathlib_dbl_invalid  m_ws.l(dunder.o)
    0x0800213e   0x0800213e   0x00000002   PAD
    0x08002140   0x08002140   0x00000010   Code   RO         4379    i.__mathlib_dbl_underflow  m_ws.l(dunder.o)
    0x08002150   0x08002150   0x0000000e   Code   RO         4236    i._is_digit         c_w.l(__printf_wp.o)
    0x0800215e   0x0800215e   0x00000002   Code   RO         4144    i._sys_exit         usart.o
    0x08002160   0x08002160   0x00000084   Code   RO         3553    i.accel_self_test   inv_mpu.o
    0x080021e4   0x080021e4   0x00000270   Code   RO         4311    i.asin              m_ws.l(asin.o)
    0x08002454   0x08002454   0x00000220   Code   RO         4364    i.atan              m_ws.l(atan.o)
    0x08002674   0x08002674   0x0000019c   Code   RO         4321    i.atan2             m_ws.l(atan2.o)
    0x08002810   0x08002810   0x0000003c   Code   RO         3893    i.decode_gesture    inv_mpu_dmp_motion_driver.o
    0x0800284c   0x0800284c   0x0000003c   Code   RO         4083    i.delay_init        delay.o
    0x08002888   0x08002888   0x00000034   Code   RO         4084    i.delay_ms          delay.o
    0x080028bc   0x080028bc   0x00000034   Code   RO         4085    i.delay_us          delay.o
    0x080028f0   0x080028f0   0x0000003c   Code   RO         3894    i.dmp_enable_6x_lp_quat  inv_mpu_dmp_motion_driver.o
    0x0800292c   0x0800292c   0x000001ec   Code   RO         3895    i.dmp_enable_feature  inv_mpu_dmp_motion_driver.o
    0x08002b18   0x08002b18   0x00000058   Code   RO         3896    i.dmp_enable_gyro_cal  inv_mpu_dmp_motion_driver.o
    0x08002b70   0x08002b70   0x0000003c   Code   RO         3897    i.dmp_enable_lp_quat  inv_mpu_dmp_motion_driver.o
    0x08002bac   0x08002bac   0x00000014   Code   RO         3902    i.dmp_load_motion_driver_firmware  inv_mpu_dmp_motion_driver.o
    0x08002bc0   0x08002bc0   0x00000184   Code   RO         3903    i.dmp_read_fifo     inv_mpu_dmp_motion_driver.o
    0x08002d44   0x08002d44   0x0000010c   Code   RO         3906    i.dmp_set_accel_bias  inv_mpu_dmp_motion_driver.o
    0x08002e50   0x08002e50   0x00000070   Code   RO         3907    i.dmp_set_fifo_rate  inv_mpu_dmp_motion_driver.o
    0x08002ec0   0x08002ec0   0x00000108   Code   RO         3908    i.dmp_set_gyro_bias  inv_mpu_dmp_motion_driver.o
    0x08002fc8   0x08002fc8   0x00000118   Code   RO         3910    i.dmp_set_orientation  inv_mpu_dmp_motion_driver.o
    0x080030e0   0x080030e0   0x00000030   Code   RO         3913    i.dmp_set_shake_reject_thresh  inv_mpu_dmp_motion_driver.o
    0x08003110   0x08003110   0x00000020   Code   RO         3914    i.dmp_set_shake_reject_time  inv_mpu_dmp_motion_driver.o
    0x08003130   0x08003130   0x00000020   Code   RO         3915    i.dmp_set_shake_reject_timeout  inv_mpu_dmp_motion_driver.o
    0x08003150   0x08003150   0x00000038   Code   RO         3916    i.dmp_set_tap_axes  inv_mpu_dmp_motion_driver.o
    0x08003188   0x08003188   0x00000022   Code   RO         3917    i.dmp_set_tap_count  inv_mpu_dmp_motion_driver.o
    0x080031aa   0x080031aa   0x00000002   PAD
    0x080031ac   0x080031ac   0x00000164   Code   RO         3918    i.dmp_set_tap_thresh  inv_mpu_dmp_motion_driver.o
    0x08003310   0x08003310   0x00000020   Code   RO         3919    i.dmp_set_tap_time  inv_mpu_dmp_motion_driver.o
    0x08003330   0x08003330   0x00000020   Code   RO         3920    i.dmp_set_tap_time_multi  inv_mpu_dmp_motion_driver.o
    0x08003350   0x08003350   0x00000018   Code   RO         4145    i.fputc             usart.o
    0x08003368   0x08003368   0x000000ac   Code   RO         3554    i.get_accel_prod_shift  inv_mpu.o
    0x08003414   0x08003414   0x000003d8   Code   RO         3555    i.get_st_biases     inv_mpu.o
    0x080037ec   0x080037ec   0x000000dc   Code   RO         3556    i.gyro_self_test    inv_mpu.o
    0x080038c8   0x080038c8   0x00000024   Code   RO         3557    i.inv_orientation_matrix_to_scalar  inv_mpu.o
    0x080038ec   0x080038ec   0x00000048   Code   RO         3558    i.inv_row_2_scale   inv_mpu.o
    0x08003934   0x08003934   0x000000c0   Code   RO         3196    i.main              main.o
    0x080039f4   0x080039f4   0x00000002   Code   RO         3559    i.mget_ms           inv_mpu.o
    0x080039f6   0x080039f6   0x00000002   PAD
    0x080039f8   0x080039f8   0x00000060   Code   RO         3560    i.mpu_configure_fifo  inv_mpu.o
    0x08003a58   0x08003a58   0x0000019c   Code   RO         3561    i.mpu_dmp_get_data  inv_mpu.o
    0x08003bf4   0x08003bf4   0x00000098   Code   RO         3562    i.mpu_dmp_init      inv_mpu.o
    0x08003c8c   0x08003c8c   0x00000044   Code   RO         3563    i.mpu_get_accel_fsr  inv_mpu.o
    0x08003cd0   0x08003cd0   0x0000004c   Code   RO         3565    i.mpu_get_accel_sens  inv_mpu.o
    0x08003d1c   0x08003d1c   0x00000010   Code   RO         3570    i.mpu_get_fifo_config  inv_mpu.o
    0x08003d2c   0x08003d2c   0x00000040   Code   RO         3571    i.mpu_get_gyro_fsr  inv_mpu.o
    0x08003d6c   0x08003d6c   0x00000048   Code   RO         3573    i.mpu_get_gyro_sens  inv_mpu.o
    0x08003db4   0x08003db4   0x00000044   Code   RO         3575    i.mpu_get_lpf       inv_mpu.o
    0x08003df8   0x08003df8   0x0000001c   Code   RO         3577    i.mpu_get_sample_rate  inv_mpu.o
    0x08003e14   0x08003e14   0x000001ac   Code   RO         3579    i.mpu_init          inv_mpu.o
    0x08003fc0   0x08003fc0   0x000000b4   Code   RO         3580    i.mpu_load_firmware  inv_mpu.o
    0x08004074   0x08004074   0x000000d0   Code   RO         3581    i.mpu_lp_accel_mode  inv_mpu.o
    0x08004144   0x08004144   0x000000ac   Code   RO         3584    i.mpu_read_fifo_stream  inv_mpu.o
    0x080041f0   0x080041f0   0x00000070   Code   RO         3585    i.mpu_read_mem      inv_mpu.o
    0x08004260   0x08004260   0x0000016c   Code   RO         3588    i.mpu_reset_fifo    inv_mpu.o
    0x080043cc   0x080043cc   0x000000f8   Code   RO         3589    i.mpu_run_self_test  inv_mpu.o
    0x080044c4   0x080044c4   0x00000074   Code   RO         3591    i.mpu_set_accel_fsr  inv_mpu.o
    0x08004538   0x08004538   0x00000118   Code   RO         3592    i.mpu_set_bypass    inv_mpu.o
    0x08004650   0x08004650   0x0000007c   Code   RO         3594    i.mpu_set_dmp_state  inv_mpu.o
    0x080046cc   0x080046cc   0x00000078   Code   RO         3595    i.mpu_set_gyro_fsr  inv_mpu.o
    0x08004744   0x08004744   0x00000060   Code   RO         3596    i.mpu_set_int_latched  inv_mpu.o
    0x080047a4   0x080047a4   0x0000007c   Code   RO         3598    i.mpu_set_lpf       inv_mpu.o
    0x08004820   0x08004820   0x00000084   Code   RO         3599    i.mpu_set_sample_rate  inv_mpu.o
    0x080048a4   0x080048a4   0x000000b0   Code   RO         3600    i.mpu_set_sensors   inv_mpu.o
    0x08004954   0x08004954   0x00000070   Code   RO         3601    i.mpu_write_mem     inv_mpu.o
    0x080049c4   0x080049c4   0x00000080   Code   RO         3602    i.run_self_test     inv_mpu.o
    0x08004a44   0x08004a44   0x00000074   Code   RO         3603    i.set_int_enable    inv_mpu.o
    0x08004ab8   0x08004ab8   0x0000004c   Code   RO         4393    i.sqrt              m_ws.l(sqrt.o)
    0x08004b04   0x08004b04   0x0000002c   Code   RO         4465    locale$$code        c_w.l(lc_numeric_c.o)
    0x08004b30   0x08004b30   0x00000062   Code   RO         4258    x$fpl$d2f           fz_ws.l(d2f.o)
    0x08004b92   0x08004b92   0x00000002   PAD
    0x08004b94   0x08004b94   0x00000150   Code   RO         4260    x$fpl$dadd          fz_ws.l(daddsub_clz.o)
    0x08004ce4   0x08004ce4   0x00000010   Code   RO         4469    x$fpl$dcheck1       fz_ws.l(dcheck1.o)
    0x08004cf4   0x08004cf4   0x00000018   Code   RO         4471    x$fpl$dcmpinf       fz_ws.l(dcmpi.o)
    0x08004d0c   0x08004d0c   0x000002b0   Code   RO         4267    x$fpl$ddiv          fz_ws.l(ddiv.o)
    0x08004fbc   0x08004fbc   0x00000078   Code   RO         4348    x$fpl$deqf          fz_ws.l(deqf.o)
    0x08005034   0x08005034   0x00000154   Code   RO         4276    x$fpl$dmul          fz_ws.l(dmul.o)
    0x08005188   0x08005188   0x0000009c   Code   RO         4350    x$fpl$dnaninf       fz_ws.l(dnaninf.o)
    0x08005224   0x08005224   0x0000000c   Code   RO         4352    x$fpl$dretinf       fz_ws.l(dretinf.o)
    0x08005230   0x08005230   0x00000016   Code   RO         4261    x$fpl$drsb          fz_ws.l(daddsub_clz.o)
    0x08005246   0x08005246   0x00000002   PAD
    0x08005248   0x08005248   0x000001cc   Code   RO         4475    x$fpl$dsqrt         fz_ws.l(dsqrt_noumaal.o)
    0x08005414   0x08005414   0x000001d4   Code   RO         4262    x$fpl$dsub          fz_ws.l(daddsub_clz.o)
    0x080055e8   0x080055e8   0x00000056   Code   RO         4278    x$fpl$f2d           fz_ws.l(f2d.o)
    0x0800563e   0x0800563e   0x00000002   PAD
    0x08005640   0x08005640   0x000000c4   Code   RO         4280    x$fpl$fadd          fz_ws.l(faddsub_clz.o)
    0x08005704   0x08005704   0x0000000c   Code   RO         4354    x$fpl$fcheck1       fz_ws.l(fcheck1.o)
    0x08005710   0x08005710   0x00000184   Code   RO         4287    x$fpl$fdiv          fz_ws.l(fdiv.o)
    0x08005894   0x08005894   0x00000036   Code   RO         4290    x$fpl$ffix          fz_ws.l(ffix.o)
    0x080058ca   0x080058ca   0x00000002   PAD
    0x080058cc   0x080058cc   0x0000003e   Code   RO         4294    x$fpl$ffixu         fz_ws.l(ffixu.o)
    0x0800590a   0x0800590a   0x00000002   PAD
    0x0800590c   0x0800590c   0x00000030   Code   RO         4299    x$fpl$fflt          fz_ws.l(fflt_clz.o)
    0x0800593c   0x0800593c   0x00000026   Code   RO         4298    x$fpl$ffltu         fz_ws.l(fflt_clz.o)
    0x08005962   0x08005962   0x00000002   PAD
    0x08005964   0x08005964   0x00000102   Code   RO         4304    x$fpl$fmul          fz_ws.l(fmul.o)
    0x08005a66   0x08005a66   0x0000008c   Code   RO         4356    x$fpl$fnaninf       fz_ws.l(fnaninf.o)
    0x08005af2   0x08005af2   0x0000000a   Code   RO         4358    x$fpl$fretinf       fz_ws.l(fretinf.o)
    0x08005afc   0x08005afc   0x000000ea   Code   RO         4282    x$fpl$fsub          fz_ws.l(faddsub_clz.o)
    0x08005be6   0x08005be6   0x00000004   Code   RO         4306    x$fpl$printf1       fz_ws.l(printf1.o)
    0x08005bea   0x08005bea   0x00000064   Code   RO         4479    x$fpl$retnan        fz_ws.l(retnan.o)
    0x08005c4e   0x08005c4e   0x0000005c   Code   RO         4360    x$fpl$scalbn        fz_ws.l(scalbn.o)
    0x08005caa   0x08005caa   0x0000004c   Code   RO         4308    x$fpl$scalbnf       fz_ws.l(scalbnf.o)
    0x08005cf6   0x08005cf6   0x00000030   Code   RO         4543    x$fpl$trapveneer    fz_ws.l(trapv.o)
    0x08005d26   0x08005d26   0x00000000   Code   RO         4362    x$fpl$usenofp       fz_ws.l(usenofp.o)
    0x08005d26   0x08005d26   0x000005f0   Data   RO         3309    .constdata          oled.o
    0x08006316   0x08006316   0x0000001b   Data   RO         3605    .constdata          inv_mpu.o
    0x08006331   0x08006331   0x00000001   PAD
    0x08006332   0x08006332   0x0000000c   Data   RO         3606    .constdata          inv_mpu.o
    0x0800633e   0x0800633e   0x00000002   PAD
    0x08006340   0x08006340   0x00000028   Data   RO         3607    .constdata          inv_mpu.o
    0x08006368   0x08006368   0x00000bf6   Data   RO         3922    .constdata          inv_mpu_dmp_motion_driver.o
    0x08006f5e   0x08006f5e   0x00000011   Data   RO         4239    .constdata          c_w.l(__printf_flags_wp.o)
    0x08006f6f   0x08006f6f   0x00000001   PAD
    0x08006f70   0x08006f70   0x00000050   Data   RO         4312    .constdata          m_ws.l(asin.o)
    0x08006fc0   0x08006fc0   0x00000098   Data   RO         4365    .constdata          m_ws.l(atan.o)
    0x08007058   0x08007058   0x00000008   Data   RO         4391    .constdata          m_ws.l(qnan.o)
    0x08007060   0x08007060   0x00000094   Data   RO         4436    .constdata          c_w.l(bigflt0.o)
    0x080070f4   0x080070f4   0x0000004d   Data   RO         3608    .conststring        inv_mpu.o
    0x08007141   0x08007141   0x00000003   PAD
    0x08007144   0x08007144   0x00000020   Data   RO         4626    Region$$Table       anon$$obj.o
    0x08007164   0x08007164   0x0000001c   Data   RO         4464    locale$$data        c_w.l(lc_numeric_c.o)


    Execution Region ER_RW (Exec base: 0x20000000, Load base: 0x08007180, Size: 0x00000054, Max: 0xffffffff, ABSOLUTE)

    Exec Addr    Load Addr    Size         Type   Attr      Idx    E Section Name        Object

    0x20000000   0x08007180   0x00000014   Data   RW         3147    .data               system_stm32f10x.o
    0x20000014   0x08007194   0x00000035   Data   RW         3609    .data               inv_mpu.o
    0x20000049   0x080071c9   0x00000001   PAD
    0x2000004a   0x080071ca   0x00000004   Data   RW         4086    .data               delay.o
    0x2000004e   0x080071ce   0x00000002   Data   RW         4148    .data               usart.o
    0x20000050   0x080071d0   0x00000004   Data   RW         4149    .data               usart.o


    Execution Region ER_ZI (Exec base: 0x20000054, Load base: 0x080071d4, Size: 0x0000073c, Max: 0xffffffff, ABSOLUTE)

    Exec Addr    Load Addr    Size         Type   Attr      Idx    E Section Name        Object

    0x20000054        -       0x00000010   Zero   RW         3921    .bss                inv_mpu_dmp_motion_driver.o
    0x20000064        -       0x000000c8   Zero   RW         4147    .bss                usart.o
    0x2000012c        -       0x00000060   Zero   RW         4482    .bss                c_w.l(libspace.o)
    0x2000018c   0x080071d4   0x00000004   PAD
    0x20000190        -       0x00000200   Zero   RW         3137    HEAP                startup_stm32f10x_md.o
    0x20000390        -       0x00000400   Zero   RW         3136    STACK               startup_stm32f10x_md.o


==============================================================================

Image component sizes


      Code (inc. data)   RO Data    RW Data    ZI Data      Debug   Object Name

         0          0          0          0          0         32   core_cm3.o
       164         26          0          4          0       1515   delay.o
      5906        290        156         53          0      35699   inv_mpu.o
      2714        118       3062          0         16      19750   inv_mpu_dmp_motion_driver.o
       192         60          0          0          0        543   main.o
        28          0          0          0          0     214930   misc.o
       628         12          0          0          0       5683   mpu6050.o
       546         66          0          0          0       4302   mpuiic.o
       714         26       1520          0          0       5955   oled.o
        64         26        236          0       1536        752   startup_stm32f10x_md.o
       274          6          0          0          0      12021   stm32f10x_gpio.o
        18          0          0          0          0       3362   stm32f10x_it.o
        28          6          0          0          0        517   stm32f10x_rcc.o
        72          0          0          0          0       8716   stm32f10x_usart.o
       260         26          0         20          0       2009   system_stm32f10x.o
       130         18          0          6        200       3312   usart.o

    ----------------------------------------------------------------------
     11756        680       5012         84       1752     319098   Object Totals
         0          0         32          0          0          0   (incl. Generated)
        18          0          6          1          0          0   (incl. Padding)

    ----------------------------------------------------------------------

      Code (inc. data)   RO Data    RW Data    ZI Data      Debug   Library Member Name

         8          0          0          0          0         68   __main.o
       312          4         17          0          0         92   __printf_flags_wp.o
        14          0          0          0          0         68   __printf_wp.o
         0          0          0          0          0          0   __rtentry.o
        12          0          0          0          0          0   __rtentry2.o
         6          0          0          0          0          0   __rtentry4.o
        52          8          0          0          0          0   __scatter.o
        26          0          0          0          0          0   __scatter_copy.o
        28          0          0          0          0          0   __scatter_zi.o
        48          6          0          0          0         96   _printf_char_common.o
        36          4          0          0          0         80   _printf_char_file.o
         6          0          0          0          0          0   _printf_d.o
       120         16          0          0          0         92   _printf_dec.o
         6          0          0          0          0          0   _printf_f.o
      1054          0          0          0          0        216   _printf_fp_dec.o
       128         16          0          0          0         84   _printf_fp_infnan.o
       178          0          0          0          0         88   _printf_intcommon.o
         0          0          0          0          0          0   _printf_percent.o
         4          0          0          0          0          0   _printf_percent_end.o
        22          0          0          0          0        100   _rserrno.o
        10          0          0          0          0         68   _sputc.o
        16          0          0          0          0         68   aeabi_memset.o
       228          4        148          0          0         96   bigflt0.o
      1936        128          0          0          0        672   btod.o
        18          0          0          0          0         80   exit.o
         8          0          0          0          0         68   ferror.o
         6          0          0          0          0        152   heapauxi.o
        44         10         28          0          0         76   lc_numeric_c.o
         2          0          0          0          0          0   libinit.o
        18          0          0          0          0          0   libinit2.o
         2          0          0          0          0          0   libshutdown.o
         2          0          0          0          0          0   libshutdown2.o
         8          4          0          0         96         68   libspace.o
        72          0          0          0          0         76   llsdiv.o
       138          0          0          0          0         80   lludiv10.o
       238          0          0          0          0        100   lludivv7m.o
        88          0          0          0          0         76   memcmp.o
        24          4          0          0          0         84   noretval__2printf.o
        40          6          0          0          0         84   noretval__2sprintf.o
         8          4          0          0          0         68   rt_errno_addr_intlibspace.o
         8          4          0          0          0         68   rt_locale_intlibspace.o
        68          0          0          0          0         68   rt_memclr.o
        78          0          0          0          0         80   rt_memclr_w.o
         2          0          0          0          0          0   rtexit.o
        10          0          0          0          0          0   rtexit2.o
       128          0          0          0          0         68   strcmpv7m.o
        74          0          0          0          0         80   sys_stackheap_outer.o
         2          0          0          0          0         68   use_no_semi.o
         2          0          0          0          0         68   use_no_semi_2.o
        98          4          0          0          0         92   d2f.o
       826         16          0          0          0        348   daddsub_clz.o
        16          4          0          0          0         68   dcheck1.o
        24          0          0          0          0         68   dcmpi.o
       688        140          0          0          0        208   ddiv.o
       120          4          0          0          0         92   deqf.o
       340         12          0          0          0        104   dmul.o
       156          4          0          0          0         92   dnaninf.o
        12          0          0          0          0         68   dretinf.o
       460         56          0          0          0        120   dsqrt_noumaal.o
        86          4          0          0          0         84   f2d.o
       430          8          0          0          0        168   faddsub_clz.o
        12          4          0          0          0         68   fcheck1.o
       388         76          0          0          0         96   fdiv.o
        54          4          0          0          0         84   ffix.o
        62          4          0          0          0         84   ffixu.o
        86          0          0          0          0        136   fflt_clz.o
       258          4          0          0          0         84   fmul.o
       140          4          0          0          0         84   fnaninf.o
        10          0          0          0          0         68   fretinf.o
         4          0          0          0          0         68   printf1.o
       100          0          0          0          0         68   retnan.o
        92          0          0          0          0         68   scalbn.o
        76          0          0          0          0         68   scalbnf.o
        48          0          0          0          0         68   trapv.o
         0          0          0          0          0          0   usenofp.o
       624         52         80          0          0        168   asin.o
       544         70        152          0          0        124   atan.o
       412         38          0          0          0        144   atan2.o
        38          6          0          0          0        272   dunder.o
        40          0          0          0          0         68   fpclassify.o
       170          0          0          0          0         96   poly.o
         0          0          8          0          0          0   qnan.o
        76          0          0          0          0         84   sqrt.o

    ----------------------------------------------------------------------
     11854        732        434          0        100       6912   Library Totals
        26          0          1          0          4          0   (incl. Padding)

    ----------------------------------------------------------------------

      Code (inc. data)   RO Data    RW Data    ZI Data      Debug   Library Name

      5338        218        193          0         96       3400   c_w.l
      4586        348          0          0          0       2556   fz_ws.l
      1904        166        240          0          0        956   m_ws.l

    ----------------------------------------------------------------------
     11854        732        434          0        100       6912   Library Totals

    ----------------------------------------------------------------------

==============================================================================


      Code (inc. data)   RO Data    RW Data    ZI Data      Debug   

     23610       1412       5446         84       1852     316594   Grand Totals
     23610       1412       5446         84       1852     316594   ELF Image Totals
     23610       1412       5446         84          0          0   ROM Totals

==============================================================================

    Total RO  Size (Code + RO Data)                29056 (  28.38kB)
    Total RW  Size (RW Data + ZI Data)              1936 (   1.89kB)
    Total ROM Size (Code + RO Data + RW Data)      29140 (  28.46kB)

==============================================================================

